state	joint	prior	likelihood	location.meanRate	location.includedPredictors	location.coefficientsTimesIndicators1	location.coefficientsTimesIndicators2	location.coefficientsTimesIndicators3	location.coefficientsTimesIndicators4	location.coefficientsTimesIndicators5	location.coefficientsTimesIndicators6	location.coefficientsTimesIndicators7	location.coefficientsTimesIndicators8	location.branchRates	location.treeLikelihood
0	-21580.32428177833	-27.328166987134566	-21552.996114791193	0.001	8.0	0.0	0.0	0.0	0.0	0.0	0.0	0.0	0.0	0.0	-21552.996114791193
100000	-8830.895591980396	-874.8122886045198	-7956.083303375876	2.13015608235233	5.0	0.5738507466840707	0.9880490899443538	-0.4803173353779826	-0.0	-0.16868421509762752	0.0	-0.3184897848561627	0.0	0.0	-7956.083303375876
200000	-8782.461572782058	-863.2994683411785	-7919.16210444088	2.180296487915089	6.0	0.5922227517077101	1.0588826249310541	-0.49126364595532673	-0.0	-0.1808621121544073	-0.0	-0.32631593517653135	0.08583449508127397	0.0	-7919.16210444088
300000	-8807.302801819005	-881.4266488655022	-7925.876152953502	2.053708989546822	7.0	0.36549303554213497	0.8814164525449182	-0.3732682005036889	0.44254675241437447	-0.23920521565887543	-0.0	-0.30624859228313134	0.1441237192185159	0.0	-7925.876152953502
400000	-8791.063948652738	-854.7520402379319	-7936.311908414806	2.1530295001095685	7.0	0.5194036451313818	0.9886925440584052	-0.4494560825909396	0.12929153238779634	-0.19578546160434823	-0.0	-0.36221008969199436	0.11514746354736681	0.0	-7936.311908414806
500000	-8813.913684076462	-861.1812762421215	-7952.732407834341	2.094302538989249	7.0	0.31164330791205824	0.8245745577774946	-0.3430292894306378	0.3869388668944855	-0.28243567534547975	-0.0	-0.40088948655219153	0.12089394534755249	0.0	-7952.732407834341
600000	-8800.456671491715	-873.8297752862383	-7926.6268962054755	2.1896485599939677	7.0	0.2830848363162695	0.795312833953481	-0.3063240282499984	0.5930629600699686	-0.3223685559519444	-0.0	-0.30700348260423127	0.16079106805022456	0.0	-7926.6268962054755
700000	-8799.649557854571	-872.2574662350063	-7927.392091619565	2.1074592696513053	5.0	0.5260701325126402	1.0181381547260016	-0.5138379806872482	0.0	-0.2271935065656257	-0.0	-0.41831440824730054	-0.0	0.0	-7927.392091619565
800000	-8803.056938136711	-837.3645334645321	-7965.692404672179	2.027773948930241	6.0	0.5442440757257884	1.0026750146695105	-0.5374265806714288	0.0	-0.23814330305337095	0.0	-0.3719901004462886	0.06682495731616483	0.0	-7965.692404672179
900000	-8840.413801505387	-879.1877237142812	-7961.226077791105	2.021072533328015	7.0	0.3522058528230041	0.8360199807229843	-0.3697793371096113	0.4183517032611962	-0.21185806140495722	0.0	-0.37803052547269034	0.08017083251661489	0.0	-7961.226077791105
1000000	-8708.756486689019	-865.700705929482	-7843.055780759537	2.1413786377608623	7.0	0.47765534203882426	0.9452112187001295	-0.4241666186189082	0.1794651364670841	-0.20170178144741877	-0.0	-0.24719554754297351	0.06399415207668126	0.0	-7843.055780759537
1100000	-8713.940823297593	-827.6064367327276	-7886.334386564866	2.109909978149961	7.0	0.32807302979797454	0.8581705899148097	-0.3160650407405728	0.5583008855282918	-0.2142326433575361	0.0	-0.33133418290539074	0.12114801425896099	0.0	-7886.334386564866
1200000	-8732.842904632862	-866.7400446416258	-7866.102859991237	2.1143086496359147	6.0	0.5383949744669884	1.0413910490271368	-0.519778742252661	-0.0	-0.19134552433524948	-0.0	-0.3111430915669399	0.11343323711781	0.0	-7866.102859991237
1300000	-8764.302466459108	-867.0517308121745	-7897.250735646934	2.1263765093651443	6.0	0.5560910138554125	1.0227758102991527	-0.49265638970103304	-0.0	-0.22176832766063367	0.0	-0.36081255838428133	0.12043005729507672	0.0	-7897.250735646934
1400000	-8767.276377561855	-856.1550484713198	-7911.121329090534	2.0592646279754265	6.0	0.5552493625123559	1.0738622665368016	-0.5394264192532666	-0.0	-0.2500124510862198	0.0	-0.29705507861349684	0.18150421768937763	0.0	-7911.121329090534
1500000	-8801.613732844218	-865.2149346390635	-7936.398798205154	2.077610487683651	7.0	0.5169598992654718	0.8846163045605541	-0.43427466293239503	0.13430524741559333	-0.1876041416478182	-0.0	-0.3036221342499273	0.004029359622714734	0.0	-7936.398798205154
1600000	-8781.142422993744	-868.3618114788768	-7912.780611514867	2.045798561717298	7.0	0.3942696859936975	0.8630844785533275	-0.4079257272889493	0.35942836659280375	-0.22555632184915297	0.0	-0.27715910932735116	0.1611267886438575	0.0	-7912.780611514867
1700000	-8823.184076436792	-861.9239166265772	-7961.260159810215	2.0696478079553735	6.0	0.5543022959744873	1.0270339040702083	-0.5292831696355085	0.0	-0.20959681701372485	0.0	-0.336760550300398	0.06653948896484764	0.0	-7961.260159810215
1800000	-8723.52700916817	-848.0679799469639	-7875.459029221207	2.0271793134766227	6.0	0.6265017294691282	1.0991750479320455	-0.5192203216893517	-0.0	-0.16650334845160772	-0.0	-0.33110108904611035	0.14182892083991386	0.0	-7875.459029221207
1900000	-8826.285015388185	-840.2270311003499	-7986.057984287835	2.1187502894093577	6.0	0.6043837271668786	1.0767542466529765	-0.516438913784845	0.0	-0.2009291744835629	-0.0	-0.26165515290506514	0.13606407726348607	0.0	-7986.057984287835
2000000	-8768.763607749446	-823.5294889639455	-7945.234118785501	2.1384571699161485	5.0	0.5471629459510441	1.0051056151734725	-0.46679247570700355	0.0	-0.27317932733434974	0.0	-0.3076888195166974	0.0	0.0	-7945.234118785501
2100000	-8728.66239292747	-850.0062228313662	-7878.656170096105	1.994561523777574	6.0	0.5956337131370298	1.026847367153448	-0.5104174995456459	0.0	-0.2533901572730397	0.0	-0.2884036132839542	0.1315240483231601	0.0	-7878.656170096105
2200000	-8844.892850413662	-835.328130272643	-8009.564720141018	1.9783884687467541	6.0	0.5671871408257569	1.0855052382769161	-0.4630070540463108	-0.0	-0.21577440385993413	0.0	-0.3098313800927113	0.11457555114728453	0.0	-8009.564720141018
2300000	-8841.548207602329	-829.1760844203371	-8012.372123181993	2.0598814061162707	6.0	0.5909777057141667	1.042986237461329	-0.5176821248918191	-0.0	-0.21076961230929156	-0.0	-0.2779089840912769	0.14333586855972685	0.0	-8012.372123181993
2400000	-8751.95256285414	-840.6235889717243	-7911.328973882415	2.1425664168022904	6.0	0.6053747926363429	1.1082039870485187	-0.5600728511972509	0.0	-0.16771845533751473	-0.0	-0.24444023193849215	0.15351559296378892	0.0	-7911.328973882415
2500000	-8792.63454708771	-898.9045075424165	-7893.730039545294	2.254983346969998	7.0	0.3498700157600327	0.8038403002395581	-0.2992016585274832	0.42911013996091957	-0.29494735606721006	0.0	-0.33997248233972055	0.11470653596611446	0.0	-7893.730039545294
2600000	-8802.215281656745	-841.8481801164218	-7960.367101540323	2.105390564673143	7.0	0.3174272654793614	0.8279708308877571	-0.3958926898067209	0.48613112630154964	-0.30433887253757014	-0.0	-0.38972205362145684	0.13166936555630315	0.0	-7960.367101540323
2700000	-8784.829563712097	-853.1244765231332	-7931.705087188963	1.996640862417788	6.0	0.5073660990592801	1.0308781750156095	-0.5504531673173743	-0.0	-0.19108746190813491	0.0	-0.285256873930352	0.17220293254236746	0.0	-7931.705087188963
2800000	-8796.368854253831	-877.7638810218235	-7918.604973232007	2.109042969757878	6.0	0.4975633295372306	1.0640945942917024	-0.5386048152478691	-0.0	-0.23184983274775933	0.0	-0.26098371144152516	0.12566516039379666	0.0	-7918.604973232007
2900000	-8766.596774024445	-842.4862248633375	-7924.110549161107	2.2153154825013215	6.0	0.5483289765339017	1.0005210628038474	-0.5256301880420828	-0.0	-0.2545075338727384	0.0	-0.36651779333109913	0.11970388538910637	0.0	-7924.110549161107
3000000	-8776.870578379714	-795.8098489812979	-7981.060729398416	2.026442452924287	6.0	0.6150467084797634	0.9986335923947982	-0.5223234598130098	-0.0	-0.1810385732080647	0.0	-0.31998287575876294	0.06707941402327532	0.0	-7981.060729398416
3100000	-8813.123233318374	-816.7100943966801	-7996.413138921694	1.9919460359630683	6.0	0.6235058918378792	1.0805161906042713	-0.536613260566273	0.0	-0.18989566002646896	-0.0	-0.3561346821185635	0.1284801019980837	0.0	-7996.413138921694
3200000	-8756.84328244255	-822.3633280696445	-7934.479954372906	2.012721709795952	6.0	0.6438346852082819	1.048848075091643	-0.5517974930322881	0.0	-0.19711474835608994	0.0	-0.32360365052949874	0.13064460278100704	0.0	-7934.479954372906
3300000	-8798.974814769948	-856.9662615143103	-7942.008553255639	2.210406712829097	6.0	0.6111323927418808	1.0873046450586115	-0.5422047821595941	-0.0	-0.2911261137670754	-0.0	-0.30015631765640033	0.1364923528785213	0.0	-7942.008553255639
3400000	-8810.892836357154	-814.4214965979253	-7996.471339759229	2.0214942961278854	7.0	0.5076086750292891	0.9759655101324274	-0.4277052516231968	0.18646958402600067	-0.22936424387609772	-0.0	-0.4006763184750801	0.16934544944136778	0.0	-7996.471339759229
3500000	-8713.332830330353	-881.7119733197967	-7831.620857010556	2.11965435604683	6.0	0.48754895606506454	1.0641651796839922	-0.518048326423089	0.0	-0.23861712242417715	0.0	-0.24893339287568433	0.15465794071325256	0.0	-7831.620857010556
3600000	-8719.462284678613	-841.4790989086047	-7877.983185770009	2.1520857824791113	6.0	0.5997636117784707	1.046701941215956	-0.5662243814644765	-0.0	-0.18555147674753036	0.0	-0.4039471524900746	0.1631718452608516	0.0	-7877.983185770009
3700000	-8780.984515871127	-870.2679866660284	-7910.716529205099	2.094548676880255	5.0	0.5543899533393034	0.9679714035140101	-0.49018157200269635	-0.0	-0.2117749486508248	-0.0	-0.26665753219783905	0.0	0.0	-7910.716529205099
3800000	-8755.877999335753	-819.4752014196915	-7936.402797916061	2.021752049207731	7.0	0.39586658106416694	0.8600578335466503	-0.34428014138900004	0.4884039288393379	-0.3106316100805591	-0.0	-0.30505078378707406	0.12228275125140617	0.0	-7936.402797916061
3900000	-8734.54772717201	-844.6479681462596	-7889.899759025751	2.0733277668230277	6.0	0.6471176237949263	1.1014161652051055	-0.5380774251436132	0.0	-0.13296662039752832	-0.0	-0.22295447570700297	0.09149272466700398	0.0	-7889.899759025751
4000000	-8768.696934610516	-842.9118302808816	-7925.785104329634	2.018737393647437	6.0	0.6310020561660833	1.049192767328046	-0.5749224269963691	0.0	-0.15078872520090472	-0.0	-0.36723303445731387	0.17242118091286077	0.0	-7925.785104329634
4100000	-8742.669777539939	-861.4306997671149	-7881.239077772824	2.0088912441573994	7.0	0.4924852467887879	0.9521404622028634	-0.4907365632330787	0.18779922178856776	-0.20958175844805874	0.0	-0.2980910063765957	0.08144035025197753	0.0	-7881.239077772824
4200000	-8801.856499263702	-874.748327733781	-7927.108171529921	2.1131204834924335	7.0	0.3733167457539094	0.8898028806676694	-0.32041449024662677	0.43340878708700437	-0.27090870568648173	0.0	-0.37515174440337307	0.13776901463883015	0.0	-7927.108171529921
4300000	-8764.255332626306	-857.1001953849888	-7907.155137241317	2.077619276864635	7.0	0.5765726503842091	0.9575119675236173	-0.4386530720612609	0.26776593423918227	-0.20521477132028293	-0.0	-0.3223091731255442	0.15937773535927993	0.0	-7907.155137241317
4400000	-8765.03718413231	-839.2856660670444	-7925.751518065265	2.007059546012029	6.0	0.5803786509946701	1.1164884993971522	-0.5393049849110415	0.0	-0.21998657389301512	0.0	-0.2794680257132188	0.13687238081208614	0.0	-7925.751518065265
4500000	-8842.878157156001	-830.5205170738154	-8012.357640082186	2.0513423597136535	5.0	0.5260593747677312	1.0437560640935963	-0.5269300666152182	-0.0	-0.15882996647270914	0.0	-0.3342789136836056	0.0	0.0	-8012.357640082186
4600000	-8850.11855436463	-849.0923510114524	-8001.026203353177	2.0706560341353013	6.0	0.6252518405582902	1.093200987878061	-0.5311596484256869	-0.0	-0.32713627257822836	-0.0	-0.30694589932978	0.12851150803170547	0.0	-8001.026203353177
4700000	-8743.507700439395	-826.5818283115291	-7916.925872127867	1.9593759170006078	6.0	0.5942108361935167	1.0704354430017953	-0.5072803956986222	0.0	-0.18274141388058615	-0.0	-0.30400141122101326	0.11955520382237245	0.0	-7916.925872127867
4800000	-8778.440364542628	-861.1272728006752	-7917.313091741953	2.18388008075266	7.0	0.4231610663721442	0.9591645960647475	-0.4267203540028963	0.3000349690520115	-0.2675596787667712	-0.0	-0.37459771825189186	0.11570319861658845	0.0	-7917.313091741953
4900000	-8790.94007163354	-836.6547945996249	-7954.285277033916	2.1226724453749073	6.0	0.6084987453250451	0.9802336546610718	-0.5547974556070515	-0.0	-0.19122749703292874	-0.0	-0.26261475944410967	0.11593276614701259	0.0	-7954.285277033916
5000000	-8779.76587563591	-850.4199301372839	-7929.345945498627	2.0526249949253113	6.0	0.5381749664184614	1.032206330470886	-0.5293832543916992	-0.0	-0.2781455598129347	-0.0	-0.2977779333924695	0.09475015567942664	0.0	-7929.345945498627
5100000	-8752.836396834417	-879.7162897777154	-7873.120107056701	2.0712958667426555	6.0	0.6010670050375247	1.0476526589803632	-0.5318763902194694	-0.0	-0.17672022814931876	0.0	-0.2828325991887675	0.10050664643595532	0.0	-7873.120107056701
5200000	-8712.17967137021	-881.9596649208797	-7830.220006449331	2.2447320747791566	7.0	0.3148092333417169	0.9069435552472903	-0.3851907844886741	0.33539164899365814	-0.2394194405174769	0.0	-0.33292944863994756	0.15308550268690224	0.0	-7830.220006449331
5300000	-8767.4303788478	-856.4756234400375	-7910.954755407761	2.1173683992431744	7.0	0.4802333877517653	0.8637307785205264	-0.3940753244204578	0.22808165348183895	-0.2634777323095485	-0.0	-0.4205756422676205	0.1289566457461336	0.0	-7910.954755407761
5400000	-8828.643690678604	-816.3542183240696	-8012.289472354534	1.9879632723221754	7.0	0.3857533814177416	0.914684653065419	-0.4096506678824449	0.3805401604204286	-0.2561509360150554	-0.0	-0.2958415819056519	0.15394711767955477	0.0	-8012.289472354534
5500000	-8781.3747927912	-901.2972700874925	-7880.077522703708	2.191816659663153	7.0	0.41358767497947996	0.9774935552900874	-0.41287091647939966	0.2860652677853799	-0.22366361498996448	-0.0	-0.401520618986225	0.15612457728246285	0.0	-7880.077522703708
5600000	-8741.889565270681	-885.3070520744001	-7856.582513196281	2.2403037707457156	6.0	0.5561595990618866	1.0662099785280372	-0.5503634737066012	-0.0	-0.16655287941854746	0.0	-0.2742348464621601	0.11941267199065399	0.0	-7856.582513196281
5700000	-8740.928660352876	-836.6539773647895	-7904.274682988086	2.016155831130681	7.0	0.32001840398326215	0.816372479968162	-0.3358155523218112	0.4812986843612245	-0.3319575496095348	-0.0	-0.3031136002499039	0.13691466057777602	0.0	-7904.274682988086
5800000	-8751.086068677083	-868.9742352827009	-7882.111833394382	2.0469866617818293	6.0	0.5769942578633467	1.0460356368953028	-0.5521518993732405	-0.0	-0.15420446419373213	0.0	-0.3087119900334349	0.15713077393683594	0.0	-7882.111833394382
5900000	-8737.816325964832	-850.0932969858985	-7887.723028978934	2.0528661431572486	7.0	0.5416437636563252	0.988393987022397	-0.44570218497425734	0.11377126282781819	-0.16219894722200726	0.0	-0.21617364985626164	0.06314673573693153	0.0	-7887.723028978934
6000000	-8780.171878408912	-824.9382112348546	-7955.233667174057	2.049255427763791	6.0	0.58858585773587	1.0913764814954023	-0.5366981938754422	0.0	-0.23525723632615222	-0.0	-0.3517527156558043	0.16762009672712302	0.0	-7955.233667174057
6100000	-8737.94733451646	-849.7232640491727	-7888.224070467288	2.1134192314304276	7.0	0.5130548310529253	0.9060657628803301	-0.4474362239929745	0.23343723934194963	-0.2008030480754023	0.0	-0.23472708553854604	0.06759614614370987	0.0	-7888.224070467288
6200000	-8813.938803400912	-797.3840994041013	-8016.5547039968105	1.90686063153746	6.0	0.5676928831791062	1.0050664709036012	-0.49939435246283087	0.0	-0.19628947320196094	0.0	-0.2781425611669288	0.08017251790050989	0.0	-8016.5547039968105
6300000	-8771.885831668204	-838.8464764766466	-7933.039355191558	2.0110047178297896	6.0	0.5602705192265713	1.0762224536778504	-0.5275517522338506	-0.0	-0.2587556884542872	-0.0	-0.35972757975271186	0.13797587640008643	0.0	-7933.039355191558
6400000	-8785.078766702847	-863.513761055748	-7921.5650056470995	2.190108134534099	7.0	0.4477513166679944	0.8883319966064707	-0.3938333028624991	0.4019251340685236	-0.24041864869953106	0.0	-0.35390376367250737	0.15961744993716542	0.0	-7921.5650056470995
6500000	-8725.645459721669	-862.2907538020252	-7863.3547059196435	2.094497282546015	7.0	0.45513350521399637	0.9614546133740487	-0.43595234194216675	0.34617719522509016	-0.20975411725542747	0.0	-0.34907994859044184	0.14816791885586025	0.0	-7863.3547059196435
6600000	-8743.211866998936	-838.556989590319	-7904.654877408618	2.052743897192797	6.0	0.5371645292991081	1.0417675701018208	-0.5178678649979385	0.0	-0.20646204072629248	-0.0	-0.38061216595368685	0.15284971273076486	0.0	-7904.654877408618
6700000	-8776.265316878551	-848.6325211941974	-7927.632795684354	2.1483010275559487	5.0	0.5488412496832816	0.9945686562522934	-0.5167017601227035	-0.0	-0.17386056325247337	-0.0	-0.37681677059918167	0.0	0.0	-7927.632795684354
6800000	-8737.709663645008	-841.6284623644874	-7896.08120128052	2.104427257346643	7.0	0.44575110434479465	0.845098703143851	-0.3717629019530366	0.3699212160756601	-0.21255799594253982	0.0	-0.3238068976838988	0.13141017476968514	0.0	-7896.08120128052
6900000	-8854.00742272612	-880.6968837202485	-7973.310539005871	2.084265038656139	7.0	0.33974304733626076	0.7638057155888323	-0.2866865803766584	0.5877774096047141	-0.24097211815256905	-0.0	-0.3168148510337134	0.09433997000360832	0.0	-7973.310539005871
7000000	-8763.149108675108	-781.2756006380508	-7981.873508037058	1.827511949001608	6.0	0.5775008866785244	0.9885522268293597	-0.5221044501971548	-0.0	-0.26778536565239774	-0.0	-0.3453690158943429	0.09888996278546364	0.0	-7981.873508037058
7100000	-8812.623363331028	-822.8880634487308	-7989.735299882297	1.9302257376628478	6.0	0.5933040988507746	1.066093692798752	-0.5383663045011289	0.0	-0.26796177342677335	0.0	-0.36865450033130764	0.11219431525981946	0.0	-7989.735299882297
7200000	-8745.238402203768	-821.6388861975836	-7923.599516006184	2.0219568520300144	6.0	0.6208733190589532	1.0381004125674231	-0.5010824441425518	0.0	-0.2171872950744215	-0.0	-0.3863893696931381	0.08953022031054808	0.0	-7923.599516006184
7300000	-8756.199048208297	-813.1847728066292	-7943.014275401668	2.0112438806704875	6.0	0.5619034702867759	1.0515700326461441	-0.5233297955977221	0.0	-0.24706319015008635	-0.0	-0.4169814226610538	0.15421411441652336	0.0	-7943.014275401668
7400000	-8735.720204494455	-833.3009552619895	-7902.419249232466	2.002188775575865	7.0	0.4537862643842139	0.9026733267118613	-0.3910612578566781	0.28168175510038573	-0.2947772707201527	0.0	-0.34901058570092836	0.12594213835618023	0.0	-7902.419249232466
7500000	-8775.874908204967	-885.5535039690483	-7890.3214042359195	2.1941650853085597	7.0	0.3767982510809083	0.9548798438642976	-0.4332524721716079	0.277728909137174	-0.22748038038513851	0.0	-0.26556643836559096	0.1476110301963718	0.0	-7890.3214042359195
7600000	-8755.290907986013	-834.1225756026134	-7921.168332383399	2.118223383346173	6.0	0.5711215094877159	0.9365086307096526	-0.4480074675378447	0.0	-0.18473112857863785	-0.0	-0.27304830773414374	0.09354823919806401	0.0	-7921.168332383399
7700000	-8811.296167011767	-889.0761901876602	-7922.219976824107	2.085792619102383	7.0	0.35526949014829384	0.9698198989290993	-0.389736498171514	0.36128515553485685	-0.22293713183974476	-0.0	-0.3149596776951536	0.13790281700163037	0.0	-7922.219976824107
7800000	-8720.853889485972	-918.6525926595695	-7802.2012968264025	2.1222781409953324	7.0	0.41191399006820095	0.9330713155443495	-0.40089161222467085	0.3076809605072442	-0.25619564551802476	0.0	-0.33187098372019475	0.1924440001116888	0.0	-7802.2012968264025
7900000	-8813.347986157693	-878.5113099266736	-7934.836676231019	2.1634125400833217	5.0	0.6327265442495218	0.9707485421464271	-0.5259912751742732	-0.0	-0.1703675688458975	-0.0	-0.33946211858230074	0.0	0.0	-7934.836676231019
8000000	-8813.833479231125	-812.543698551811	-8001.2897806793135	2.0015642602922092	7.0	0.5773586145915829	0.9782044330204256	-0.43266135565286357	0.23262148658027393	-0.2501905703808537	0.0	-0.30213576286896954	0.08360037551594673	0.0	-8001.2897806793135
8100000	-8737.993386183341	-865.2625274564343	-7872.730858726907	2.2360362186803906	7.0	0.5108300236128228	0.9914237617611589	-0.4636726665624854	0.1816284001857007	-0.24173702630289617	-0.0	-0.21832286453310157	0.07994504547764325	0.0	-7872.730858726907
8200000	-8772.32681599996	-823.855909559813	-7948.470906440147	1.9545273694930199	7.0	0.3863663814438711	0.8196068882769831	-0.3394004753181377	0.46531736996452727	-0.3255648395307168	0.0	-0.4102422200760167	0.2259258342306692	0.0	-7948.470906440147
8300000	-8749.201777721497	-846.8153977401608	-7902.386379981336	2.1408354437025725	6.0	0.5214142209668073	1.0250394083193257	-0.5313781821444664	0.0	-0.27311412993436746	0.0	-0.3588280616348093	0.15019604334761721	0.0	-7902.386379981336
8400000	-8847.785661432219	-896.8615133787143	-7950.924148053506	2.2260005021162077	6.0	0.6115628493330947	1.0826147960422194	-0.4818378179321681	0.0	-0.19727831454365355	0.0	-0.3354840065263965	0.14701255674830033	0.0	-7950.924148053506
8500000	-8751.344590083381	-802.5713697736186	-7948.773220309762	1.8902297701602384	6.0	0.5232235835255356	1.0637440702509855	-0.5187611252881174	-0.0	-0.2941176551991254	0.0	-0.36207141538128906	0.10242588164893769	0.0	-7948.773220309762
8600000	-8841.031058142258	-879.8265686184983	-7961.2044895237605	2.0623126413760495	7.0	0.36069957923212737	0.8608847611638465	-0.3421752145069193	0.5236090073019922	-0.23990112836776106	-0.0	-0.36528534319989603	0.11477388291236774	0.0	-7961.2044895237605
8700000	-8801.265981233135	-815.8539621013463	-7985.412019131789	2.0305893262942476	7.0	0.5976645039820699	1.083947779406942	-0.5247936332509173	-0.0	-0.2025571760882612	-0.004318200665044958	-0.2526959505035239	0.13558622945188448	0.0	-7985.412019131789
8800000	-8789.460285322211	-833.3003154266393	-7956.159969895572	2.1144912709744563	6.0	0.4800626591549831	1.051740941950002	-0.5120426659507842	-0.0	-0.3111857247446818	-0.0	-0.4324052358805633	0.13505708122651572	0.0	-7956.159969895572
8900000	-8809.988604637034	-865.708424269964	-7944.28018036707	2.1576038849515973	7.0	0.4108837097700828	0.930373757291798	-0.4500291168887131	0.298213922827315	-0.22537336552444992	-0.0	-0.22058884511442323	0.13635342324588887	0.0	-7944.28018036707
9000000	-8816.767055616381	-830.4932517378217	-7986.273803878559	2.107329590349947	6.0	0.565782188543921	1.0126477659390152	-0.4707724193246513	-0.0	-0.2277887593876247	0.0	-0.35369735603754276	0.10889858086985399	0.0	-7986.273803878559
9100000	-8847.279774636674	-839.9751390398009	-8007.304635596873	2.0015836310501873	5.0	0.5369375415046209	0.957908631309154	-0.5067642598264341	0.0	-0.21407950582038449	0.0	-0.2903140259394976	-0.0	0.0	-8007.304635596873
9200000	-8739.891016727046	-776.02327458526	-7963.867742141786	1.9201854210938807	6.0	0.603721503904915	0.9714719448218389	-0.46672193251225436	-0.0	-0.2830715294698799	-0.0	-0.33601940613544967	0.13918078909318463	0.0	-7963.867742141786
9300000	-8809.267008542709	-934.3967982713108	-7874.870210271398	2.2480833242499156	6.0	0.5186766982954094	0.9954357369031551	-0.5153538249275662	-0.0	-0.2861221151849167	0.0	-0.37285628998273385	0.11124890620234826	0.0	-7874.870210271398
9400000	-8864.493846438074	-833.5972659444471	-8030.896580493627	1.9704785163804301	6.0	0.5875176502598602	1.0667316604164083	-0.569285675825573	-0.0	-0.23389859969646154	0.0	-0.2538447452061391	0.17509357184925556	0.0	-8030.896580493627
9500000	-8739.890547687619	-788.066403903355	-7951.824143784264	1.8208293882310425	7.0	0.6185512962788579	0.9764597772967287	-0.46211942854503224	0.22714263162213819	-0.31927161819334915	0.0	-0.24507423707519432	0.12269746136521004	0.0	-7951.824143784264
9600000	-8734.681659391243	-837.5344756920064	-7897.147183699236	2.0538948271635054	6.0	0.5046648888526452	0.9487680321489439	-0.4297144909630624	0.1828856739854937	-0.23992616317012033	-0.0	-0.33720067177107166	-0.0	0.0	-7897.147183699236
9700000	-8741.62584751252	-833.6618147922394	-7907.964032720281	1.9791967012864446	7.0	0.46157917575294055	0.9502319116691091	-0.3982263252564369	0.21220429551499534	-0.32487957307260873	0.0	-0.3452998451409099	0.12423992045961064	0.0	-7907.964032720281
9800000	-8747.901632539246	-824.6163626097733	-7923.285269929473	2.082544128810599	6.0	0.6621008400834368	1.0789709814215234	-0.5500851735423875	-0.0	-0.25897475213494947	0.0	-0.2865935246107983	0.15911168834235315	0.0	-7923.285269929473
9900000	-8808.99124116473	-867.2799159041406	-7941.711325260589	2.059006413963101	6.0	0.5801685234001944	1.0285487532518474	-0.5211266609043339	0.0	-0.17713760027360878	-0.0	-0.26343224358719786	0.12771796555404885	0.0	-7941.711325260589
10000000	-8793.214253100688	-980.9338887795651	-7812.280364321123	2.29775407275812	5.0	0.5324607070686659	1.0364676005188742	-0.5235652731518141	0.0	-0.17878242028471503	-0.0	-0.30304651249382436	-0.0	0.0	-7812.280364321123
10100000	-8736.256807307032	-861.116306633428	-7875.140500673604	2.123615850593412	6.0	0.5336824122169487	1.0964349616965703	-0.5363147474894524	0.0	-0.17444627583428912	-0.0	-0.2859216674396985	0.1740968853669792	0.0	-7875.140500673604
10200000	-8849.184544103311	-872.0040915402211	-7977.18045256309	2.195241870261255	5.0	0.5493878919661492	1.0216984892767886	-0.5083396524780192	-0.0	-0.22500496509370863	-0.0	-0.3528109527030897	-0.0	0.0	-7977.18045256309
10300000	-8847.17486522903	-852.6754206348841	-7994.499444594146	2.1061542026228794	5.0	0.5362002079011786	1.0028683702124683	-0.49705399874869294	0.0	-0.2078587478362306	0.0	-0.28942018806125425	-0.0	0.0	-7994.499444594146
10400000	-8800.001130064613	-875.8401959817705	-7924.160934082843	2.1372534076153524	7.0	0.3429357804146709	0.9098161616651937	-0.36721202204503395	0.39986843723204013	-0.25681942815981973	0.0	-0.36515931037672433	0.11441976745776593	0.0	-7924.160934082843
10500000	-8802.903920647388	-837.4870821187155	-7965.416838528673	1.9414634502402577	6.0	0.6288054555877094	1.0641922734090374	-0.4906519363837016	-0.0	-0.15617045303538882	-0.0	-0.2868954587298551	0.10072198498662652	0.0	-7965.416838528673
10600000	-8704.16211449369	-891.245267670965	-7812.916846822726	2.1175342621912923	7.0	0.35902455393652083	0.9139207012309479	-0.4135072686221018	0.3184631741351218	-0.2319457812109715	-0.0	-0.2977408181579613	0.1702320788171974	0.0	-7812.916846822726
10700000	-8779.669315899026	-807.6292314598891	-7972.040084439137	1.9077563115699954	5.0	0.6272726295835093	1.0062917715408977	-0.5094377965342971	-0.0	-0.24246538344256469	0.0	-0.30774285733666806	-0.0	0.0	-7972.040084439137
10800000	-8730.01672548276	-822.745065520182	-7907.271659962576	2.1099181112626293	7.0	0.45497665600919757	0.8555628886178729	-0.3867326292279677	0.4147153867120979	-0.2710238432189285	-0.0	-0.3352904376749258	0.16164685246274088	0.0	-7907.271659962576
10900000	-8732.037541228885	-869.7248895299465	-7862.312651698938	1.9893114091428619	6.0	0.48806125684061674	0.9949907591729783	-0.5205654839548935	-0.0	-0.14904017591162538	0.0	-0.30324791682115354	0.10191177291020653	0.0	-7862.312651698938
11000000	-8798.499739871777	-823.5445726936654	-7974.955167178112	2.0168683578787103	7.0	0.44007476561217707	0.8255715275726659	-0.31526635056599994	0.5067888302025372	-0.19840356169888212	0.0	-0.2652715126440466	0.18310052113852227	0.0	-7974.955167178112
11100000	-8776.494257400875	-859.9590910314813	-7916.535166369394	2.0968703920463785	8.0	0.4150925743024027	0.9138420941497537	-0.3514383857993232	0.39462610731287007	-0.2943061229510657	-0.035646368146527	-0.35872321336755353	0.14563655022864963	0.0	-7916.535166369394
11200000	-8729.690316791975	-909.9850524629227	-7819.705264329053	2.2649783685071685	7.0	0.35946761388499576	0.8517839241793613	-0.3095785308658487	0.4342658705832244	-0.24735008090242047	-0.0	-0.271094748354238	0.05982644570306548	0.0	-7819.705264329053
11300000	-8772.715739125177	-846.4267883541913	-7926.288950770985	2.1207822994520025	6.0	0.5013134493154896	1.0210670424981494	-0.5215471953093621	0.0	-0.2967836084613515	-0.0	-0.4426532435902077	0.09252714621351771	0.0	-7926.288950770985
11400000	-8747.436729600251	-843.0592257095497	-7904.377503890701	2.037270706921971	7.0	0.39715868976255164	0.8965311530127835	-0.4029819000741508	0.3171717968862172	-0.3266603527084527	-0.0	-0.336676652381067	0.16653302183704274	0.0	-7904.377503890701
11500000	-8852.437909122078	-853.7156541069382	-7998.722255015139	2.0235941199033296	7.0	0.5225159407920339	0.9527183891873544	-0.3977792869191054	0.20252286721474352	-0.2303248062861149	0.0	-0.30907654277939306	0.12379918865566052	0.0	-7998.722255015139
11600000	-8763.918892282574	-874.1684880189968	-7889.750404263577	2.254636718612574	6.0	0.5213819336096392	1.0256789071456403	-0.5269067071123	0.0	-0.17741184510597954	-0.0	-0.37532893681329565	0.1307573329441964	0.0	-7889.750404263577
11700000	-8833.03345805051	-838.6452390811904	-7994.3882189693195	2.055355713698957	7.0	0.4255251966222108	0.9126391116444376	-0.36531007472019894	0.37983279759600735	-0.24204169543113824	-0.0	-0.34407584000806296	0.17833394748035164	0.0	-7994.3882189693195
11800000	-8755.239298217202	-894.1697705624323	-7861.06952765477	2.2228536093350786	7.0	0.36410643549217603	0.8084958290561414	-0.3512983358689471	0.34439401979802065	-0.23733310225716722	0.0	-0.3450820718459799	0.05451007060671807	0.0	-7861.06952765477
11900000	-8770.435016528478	-835.635340198755	-7934.799676329722	1.9748495064170248	7.0	0.3855384682498613	0.8805723252476926	-0.44420193831272364	0.35656513865262923	-0.2479912343052365	-0.0	-0.4185676839401007	0.17152587212655118	0.0	-7934.799676329722
12000000	-8762.663635090152	-899.6120998518624	-7863.051535238289	2.2714297115180915	5.0	0.5990502111104864	1.0432031115355538	-0.5566451562019995	0.0	-0.13263660321708545	-0.0	-0.17391019870592814	0.0	0.0	-7863.051535238289
12100000	-8761.338788586054	-856.4074327005355	-7904.931355885518	2.106092536715629	7.0	0.36533443094514484	0.8650428534999631	-0.36377782215055704	0.4438028255457598	-0.2590928650231407	-0.0	-0.38849715130592244	0.18790360992050048	0.0	-7904.931355885518
12200000	-8761.201129182447	-821.8547539115173	-7939.3463752709295	1.9949763841288581	7.0	0.5363292070674722	0.927422832041949	-0.4268708537973631	0.21152950213469937	-0.17084740954756125	-0.0	-0.29622609567812	0.10833906881793749	0.0	-7939.3463752709295
12300000	-8781.161071159555	-894.1997065758868	-7886.961364583668	2.1477615802021286	7.0	0.3875961872386374	0.8973889780020744	-0.4163333378351163	0.19217655652654947	-0.2466110427178341	0.0	-0.34112544851910837	0.07228688908463181	0.0	-7886.961364583668
12400000	-8794.86883844469	-857.2072040601237	-7937.661634384566	2.0995319364493557	7.0	0.396022889048434	0.8435131833311325	-0.37623356413641773	0.3817269298973608	-0.23016741503997676	0.0	-0.35521751662601886	0.13276293330003855	0.0	-7937.661634384566
12500000	-8710.413564329898	-805.258671057222	-7905.154893272676	2.0341210932838942	6.0	0.5832846129870958	1.0481988175642833	-0.492362684875365	0.0	-0.21950910511951655	0.0	-0.3298954143581211	0.10654617242493729	0.0	-7905.154893272676
12600000	-8790.88017615121	-869.0490636804383	-7921.831112470772	2.239335485445944	7.0	0.490296211786402	0.9351938441085874	-0.4224168436034212	0.20992000100672953	-0.21758741366986578	0.0	-0.3112853016813867	0.10086480323351349	0.0	-7921.831112470772
12700000	-8757.179281918197	-824.9087121263151	-7932.270569791883	2.001889059222936	7.0	0.4658105191739237	0.9184674005806608	-0.39613231025373186	0.37197377165310436	-0.2927872445852166	0.0	-0.29673674914232323	0.17920147143193746	0.0	-7932.270569791883
12800000	-8805.901519328989	-834.4537135300804	-7971.447805798909	1.9802272373986707	6.0	0.5740049264982215	1.0654131569029879	-0.5085598820122231	0.0	-0.3227363967242049	0.0	-0.3351705368939738	0.15436337456148458	0.0	-7971.447805798909
12900000	-8835.988631650427	-872.4727805409818	-7963.515851109446	2.0866109977365013	6.0	0.5323318884623153	1.0562013657260239	-0.5315676955047883	-0.0	-0.22320193148488035	0.0	-0.30921936353617685	0.15242497157747015	0.0	-7963.515851109446
13000000	-8847.83188824355	-827.1831368825211	-8020.648751361029	2.0341224939304707	6.0	0.5906706408403296	1.0440137233763553	-0.5416007237627986	0.0	-0.21691117562071066	0.0	-0.2839415744468546	0.1090447323721795	0.0	-8020.648751361029
13100000	-8745.236274354786	-862.5271574799239	-7882.709116874861	2.0753346938650576	7.0	0.44167559436230114	0.9196207705259319	-0.45548578889566216	0.231925565167841	-0.1726472393436388	0.0	-0.284240516910912	0.13483060429927185	0.0	-7882.709116874861
13200000	-8829.936332345314	-856.6587486409269	-7973.277583704388	2.043360770331361	6.0	0.526981586566162	1.1298574539546102	-0.571484067172771	-0.0	-0.21314408969725585	-0.0	-0.32445094386748996	0.1458579089687215	0.0	-7973.277583704388
13300000	-8811.971476631159	-820.3132623262136	-7991.6582143049445	1.9804410309071456	6.0	0.585052795035397	1.0402804929543246	-0.5048033652201563	0.0	-0.25952126356849997	-0.0	-0.2281492113505619	0.07594344950278278	0.0	-7991.6582143049445
13400000	-8715.960037115889	-854.7335191272014	-7861.226517988687	2.065805150778889	7.0	0.49274619094952576	0.9884966093022536	-0.4356460590507802	0.17643119294416038	-0.18560218694743236	0.0	-0.31901269904780033	0.09439986404886717	0.0	-7861.226517988687
13500000	-8824.732668167057	-837.1860989086854	-7987.546569258372	2.1170379617001895	6.0	0.5872067643019725	1.009630275127021	-0.5456507806021944	-0.0	-0.15390266581121279	0.0	-0.30953079283048635	0.08584547051838597	0.0	-7987.546569258372
13600000	-8752.687852891431	-857.9537146032575	-7894.734138288173	2.110091116607982	6.0	0.5552657312003009	1.1029617964828697	-0.5141746338057549	0.0	-0.17137753878649367	-0.0	-0.3286642678606512	0.15472745263988674	0.0	-7894.734138288173
13700000	-8817.664255953861	-918.80943510588	-7898.854820847981	2.227337548114886	7.0	0.36941687573243404	0.9054006137194512	-0.3854652918420182	0.28264239361202087	-0.18538551730665098	-0.0	-0.29246436059140085	0.09970993437958296	0.0	-7898.854820847981
13800000	-8842.572281775734	-898.5162388738981	-7944.056042901835	2.1992300728655043	7.0	0.3386583884433686	0.9198766066741318	-0.41449465013979114	0.3895238949545625	-0.21504327482861696	-0.0	-0.35505288112646816	0.18192971458648544	0.0	-7944.056042901835
13900000	-8827.081776360092	-862.5413539697754	-7964.540422390317	1.9681198205671022	5.0	0.5128153510660257	1.003677238847295	-0.48000023421338633	0.0	-0.1670793859422153	0.0	-0.2953854695065587	0.0	0.0	-7964.540422390317
14000000	-8821.198648047213	-885.0982314793565	-7936.100416567857	2.098396700598796	6.0	0.5919817141387345	1.062812045707627	-0.5374497281629602	0.0	-0.13040328769146353	-0.0	-0.30909971661573943	0.07324023331251525	0.0	-7936.100416567857
14100000	-8767.512617887596	-824.9544551133723	-7942.558162774224	1.9850332468038525	7.0	0.36616679439620947	0.8811836610305738	-0.37379649996208864	0.4425600883568644	-0.26820698855571284	-0.0	-0.29310752018362946	0.10567135169919095	0.0	-7942.558162774224
14200000	-8789.97243124704	-871.4540432348858	-7918.518388012155	2.1836637349070807	6.0	0.549952782573423	1.063433378682351	-0.5228634739902415	0.0	-0.20608613428707048	0.0	-0.2951646035628359	0.10079522879306302	0.0	-7918.518388012155
14300000	-8843.827725284224	-837.0891866766368	-8006.7385386075875	2.050762861747804	6.0	0.5747284296778317	1.0488084792855372	-0.5223162520369763	0.0	-0.21785721986647869	-0.0	-0.32823740751798786	0.11086848073302816	0.0	-8006.7385386075875
14400000	-8789.490344962433	-845.2882924921679	-7944.202052470265	2.1411275599290938	7.0	0.39538102590139934	0.857719892999157	-0.3938339069175316	0.3963691702663274	-0.27968984347368747	0.0	-0.31209853808949156	0.10919230493082528	0.0	-7944.202052470265
14500000	-8764.699366549912	-850.4282655209882	-7914.271101028923	1.9851259368412866	6.0	0.48866264176570734	1.0442572287486915	-0.5574520968202226	-0.0	-0.23489566731339412	0.0	-0.3147811297014509	0.08579779143085971	0.0	-7914.271101028923
14600000	-8817.56663138547	-863.8820597413726	-7953.6845716440985	2.0403155796090533	5.0	0.6295999980840817	1.032218158343327	-0.47947571006626744	-0.0	-0.157834635344878	-0.0	-0.3708087666248525	0.0	0.0	-7953.6845716440985
14700000	-8774.653770150604	-854.6380078783704	-7920.015762272234	2.012425108291743	7.0	0.30658580993479795	0.8341249545519106	-0.32345387546111454	0.48590864622615765	-0.2527486597856643	-0.0	-0.2280119367708565	0.10852670954653124	0.0	-7920.015762272234
14800000	-8721.902312005293	-841.9296788852877	-7879.972633120005	2.0760686747774706	6.0	0.5489478549346067	1.0315279819607481	-0.5545826947356156	0.0	-0.20282045482056574	0.0	-0.3033946946444615	0.08586099082860779	0.0	-7879.972633120005
14900000	-8814.091023700696	-899.4751496974076	-7914.615874003289	2.1163418729898646	6.0	0.5119045594508405	1.0275664829165412	-0.5422502864051821	0.0	-0.25972811863789763	-0.0	-0.3303874562221075	0.09867383537527957	0.0	-7914.615874003289
15000000	-8805.792696393291	-871.4879661091185	-7934.304730284172	2.144986379915828	6.0	0.5410375109369618	1.0564366768705062	-0.4886818175969897	-0.0	-0.200645819964663	0.0	-0.2981141146240021	0.12986523330077826	0.0	-7934.304730284172
15100000	-8748.782508328626	-881.996153279984	-7866.786355048642	2.2369550250167385	6.0	0.5459145238813801	1.0088590228402528	-0.5128484044974709	0.0	-0.1869330338960554	0.0	-0.2799417233344547	0.1120189225131662	0.0	-7866.786355048642
15200000	-8821.21743246592	-893.1321092199443	-7928.085323245977	2.149792572933407	6.0	0.48845412850316333	1.0008706826526512	-0.5282446388668925	-0.0	-0.20348247012310572	-0.0	-0.40703261416869024	0.08080070214335644	0.0	-7928.085323245977
15300000	-8768.885520733746	-838.7433597077917	-7930.142161025953	2.120267694404129	6.0	0.5589352332370184	0.9836367084817498	-0.520436745027828	0.0	-0.2828313262584127	-0.0	-0.20368151710848575	0.08739133488677754	0.0	-7930.142161025953
15400000	-8832.750943827308	-918.51696770945	-7914.233976117857	2.180057551106571	5.0	0.5079873923805996	0.9971426414887825	-0.48367135425397717	0.0	-0.17193418455328677	0.0	-0.3486802904034646	0.0	0.0	-7914.233976117857
15500000	-8758.640408043224	-895.2892584123806	-7863.351149630844	2.146461822499376	7.0	0.34401825214932047	0.9040329408710852	-0.42895165271014113	0.38410102401087826	-0.2215934758930249	0.0	-0.34871498144771146	0.1713744585065936	0.0	-7863.351149630844
15600000	-8768.440021460094	-849.0565284633218	-7919.3834929967725	2.067840541150823	7.0	0.33695826985469846	0.8136384479158344	-0.3823523403218859	0.43293227773455134	-0.2968437570251714	-0.0	-0.31620885231629436	0.16770933579212452	0.0	-7919.3834929967725
15700000	-8831.54540232059	-871.3763953877838	-7960.169006932806	2.1442925498254404	7.0	0.34904539491255543	0.8431236530108702	-0.3106147780823168	0.45162973632108555	-0.27753385442884043	0.0	-0.32378055989583276	0.12112241685412009	0.0	-7960.169006932806
15800000	-8808.052762643374	-845.2584588423978	-7962.794303800976	2.1271720074015446	5.0	0.516152870077647	0.9548803296312613	-0.4729402108447023	-0.0	-0.25304389177448555	-0.0	-0.344089103046423	0.0	0.0	-7962.794303800976
15900000	-8750.284049209606	-863.5916486441719	-7886.692400565435	2.1463735018707375	7.0	0.4426521927915534	0.9442156841828714	-0.3765602825390744	0.3258451111780309	-0.20072938483057468	-0.0	-0.29146091480644354	0.11414056013947206	0.0	-7886.692400565435
16000000	-8789.16456585328	-818.3637499179208	-7970.800815935359	1.9999449488892098	5.0	0.5379377892217245	0.9902229890908043	-0.5341858134525198	0.0	-0.2275221544080077	0.0	-0.31180625875242096	-0.0	0.0	-7970.800815935359
16100000	-8756.100909410765	-852.545759040838	-7903.555150369926	2.0111554837854375	7.0	0.3535748774509167	0.8088180651570644	-0.3247272483129293	0.5105459235745519	-0.29187060925852315	-0.0	-0.312302960388075	0.15079919753248694	0.0	-7903.555150369926
16200000	-8745.829046816896	-893.549279286793	-7852.2797675301035	2.1540445565093194	6.0	0.5613404701504872	1.0660167014751505	-0.5600496010645175	0.0	-0.21870934444311843	0.0	-0.26053597958564956	0.1586171881762147	0.0	-7852.2797675301035
16300000	-8713.958842753846	-830.1772131128592	-7883.7816296409865	2.0611143012468665	7.0	0.5034006288105479	0.9586674405157627	-0.4651488197080334	0.21561988850701785	-0.18526209209181727	0.0	-0.35045093436821473	0.10654074387886459	0.0	-7883.7816296409865
16400000	-8804.619994401079	-880.0355347164151	-7924.584459684663	2.0800291556624644	5.0	0.5724855948065427	1.053526437054159	-0.4694975138555554	-0.0	-0.1579766060435958	-0.0	-0.3244124452024075	-0.0	0.0	-7924.584459684663
16500000	-8767.712891323677	-842.7956988443616	-7924.917192479315	2.1330703789965275	7.0	0.49868242284530473	1.0330943292240669	-0.47470076176276704	0.2314630169710019	-0.21980567967027084	0.0	-0.3333993329828089	0.16690489347165224	0.0	-7924.917192479315
16600000	-8818.504317388759	-877.794262112129	-7940.710055276631	2.19327359619359	7.0	0.4468436642346532	0.8931251814243072	-0.38556444303210197	0.3149677621866592	-0.20365999229709597	0.0	-0.3557443198312938	0.11782819815280003	0.0	-7940.710055276631
16700000	-8775.416703657918	-840.2268230203433	-7935.189880637575	1.9766796821990122	6.0	0.5692385646263521	0.9933744987905825	-0.5469989976179215	0.0	-0.22962521409959877	-0.0	-0.27906466366588384	0.11863936856826976	0.0	-7935.189880637575
16800000	-8729.453931300413	-872.3556183350352	-7857.098312965379	2.042579721388523	7.0	0.48398150978708443	1.0493163402155308	-0.5339075539843455	0.12772223336843821	-0.19568691965984278	-0.0	-0.3448523045541491	0.1710827047507833	0.0	-7857.098312965379
16900000	-8799.49401505628	-841.3085610630486	-7958.185453993231	1.9818891974460093	7.0	0.3540486060558278	0.9068551349758835	-0.3809992173512053	0.45738943722342873	-0.25684594590322685	-0.0	-0.438303316096466	0.17731416476135947	0.0	-7958.185453993231
17000000	-8843.268576605466	-936.3203188110964	-7906.94825779437	2.1342178397610927	7.0	0.4777043413292124	0.9068991180458574	-0.45474246815866226	0.1258036501946818	-0.24233718829687367	0.0	-0.37954337404550625	0.144888453539539	0.0	-7906.94825779437
17100000	-8789.043199984773	-863.7312968136829	-7925.311903171091	2.1595444927548675	7.0	0.4359150548000659	0.9141376742741133	-0.4786248216572429	0.19767025332025198	-0.23434395340688444	-0.0	-0.31892650202036926	0.12844526410674784	0.0	-7925.311903171091
17200000	-8714.8651806218	-779.725513844895	-7935.139666776905	1.9956894865103356	7.0	0.5045084521904116	0.9369408830441605	-0.4214853943365316	0.2992998418303389	-0.3225553947376008	0.0	-0.3091317580554687	0.15846883347306162	0.0	-7935.139666776905
17300000	-8815.98159488357	-860.4069492886189	-7955.57464559495	2.1966016982918597	7.0	0.39818355719912124	0.85488118916343	-0.35955605478591635	0.4698988758092428	-0.24250640472583057	0.0	-0.30077073014074485	0.17124663279277452	0.0	-7955.57464559495
17400000	-8814.934018951226	-876.6488993715933	-7938.285119579633	2.1389597758276833	7.0	0.38643968790574096	0.8273658164914484	-0.33534020632795697	0.35481750322724426	-0.22673896801656315	-0.0	-0.3051314188393894	0.09118734473654601	0.0	-7938.285119579633
17500000	-8802.5025011831	-871.4213336503485	-7931.081167532752	2.1239786945394084	7.0	0.439574847401312	0.9068625602462894	-0.4113985286843516	0.2521581388946459	-0.24141063000919868	0.0	-0.36923045890220385	0.1202132119205916	0.0	-7931.081167532752
17600000	-8734.845679646309	-807.8171568070355	-7927.028522839273	2.0546481273863213	6.0	0.54768306104137	1.0348186709144123	-0.5230769647902143	0.0	-0.26809111332383534	0.0	-0.3064259766704143	0.13496701314940807	0.0	-7927.028522839273
17700000	-8770.553049131786	-825.3582600531461	-7945.1947890786405	2.0621932228481072	7.0	0.44837935565441966	0.9782460991156626	-0.4352928849794176	0.144212834621934	-0.2828187558888478	-0.0	-0.36687832736329756	0.13930489639947663	0.0	-7945.1947890786405
17800000	-8748.339072636989	-829.3575709754015	-7918.981501661587	2.171862905143207	7.0	0.4336385991654449	0.94262664170301	-0.4398676951221604	0.3392816602307009	-0.256670202981306	-0.0	-0.3390658977703006	0.1543407969868307	0.0	-7918.981501661587
17900000	-8772.42019693743	-882.4693474972249	-7889.950849440204	2.18239828726554	7.0	0.3788294634580042	0.8482391685353862	-0.33896691098815085	0.5312236688771023	-0.25178533418968313	-0.0	-0.3200445982105579	0.1469772479026046	0.0	-7889.950849440204
18000000	-8764.219889412068	-863.9516857943202	-7900.2682036177475	2.1048085963467122	7.0	0.35255940340927056	0.8769431437490397	-0.4022737189744321	0.32614096456768843	-0.25068036844156494	0.0	-0.3411268209987486	0.08588437065461316	0.0	-7900.2682036177475
18100000	-8766.24269730076	-823.5051057529754	-7942.737591547786	2.0300952933204486	7.0	0.4423867138830111	0.9163834652278641	-0.41534193137098824	0.28105355079854	-0.2766687716413382	0.0	-0.31545184014348115	0.1147988837627025	0.0	-7942.737591547786
18200000	-8747.152692748683	-857.0974514829247	-7890.055241265758	1.956215859325695	7.0	0.33849551873426	0.811398618399844	-0.3138756959991495	0.47613077758776456	-0.3077905732678463	0.0	-0.3695873446286717	0.11931600553528093	0.0	-7890.055241265758
18300000	-8791.900818342534	-828.2689755467609	-7963.631842795773	1.9759984489131879	7.0	0.43507195132159976	0.9366720490106257	-0.4345136294722737	0.27471998963184596	-0.22952456859611964	-0.0	-0.3053924056778741	0.12776429594669667	0.0	-7963.631842795773
18400000	-8814.331221890106	-861.9977705888739	-7952.333451301233	2.135710444030452	6.0	0.5274035379890799	1.0140549671031145	-0.4936097002332186	0.0	-0.1920140906972617	-0.0	-0.3420935902362599	0.054155811005196286	0.0	-7952.333451301233
18500000	-8817.722066285707	-824.1440602959169	-7993.578005989791	1.856777998195551	7.0	0.5214892971437418	0.9472206861177535	-0.4319998064131569	0.19062879170914668	-0.2861549850042167	-0.0	-0.35725645423339225	0.12250914638743036	0.0	-7993.578005989791
18600000	-8812.13395263918	-867.0953624658604	-7945.038590173321	2.111769946408097	7.0	0.3309430594414793	0.8612513993869823	-0.3512141218867546	0.4649642617508718	-0.2957036082234312	0.0	-0.27753119664302583	0.10308902748647752	0.0	-7945.038590173321
18700000	-8817.458507395015	-801.7507561184987	-8015.707751276516	1.9551722027409146	5.0	0.5793315215718887	0.9908191401360572	-0.5314680771208109	0.0	-0.25823044812319457	0.0	-0.20847760043273697	0.0	0.0	-8015.707751276516
18800000	-8750.289651805684	-851.7501839672793	-7898.5394678384055	2.1184787207295357	7.0	0.37554088023405996	0.8555793662941681	-0.37187519474770003	0.3853051857317228	-0.24056827454281923	0.0	-0.3153320961183562	0.12006258936064232	0.0	-7898.5394678384055
18900000	-8776.520654999462	-901.3918233398704	-7875.128831659591	2.2228030432783967	6.0	0.5287245369066107	1.0049837017621421	-0.5518264924647693	-0.0	-0.21648480361109132	0.0	-0.3193482150080977	0.09740865839543783	0.0	-7875.128831659591
19000000	-8801.462186297367	-904.7761096963892	-7896.686076600979	2.131227719954715	6.0	0.5661156479920209	1.0596256036864378	-0.5128466287335436	0.0	-0.18610516261783025	-0.0	-0.39499398467365765	0.09206230105229925	0.0	-7896.686076600979
19100000	-8796.133690544506	-825.7476253190347	-7970.386065225471	2.077226018226608	7.0	0.45538726342021235	0.879805817481099	-0.39668219182644543	0.4036490803440441	-0.3070467136821721	-0.0	-0.30201012347943407	0.14951520370350513	0.0	-7970.386065225471
19200000	-8786.994834412664	-836.1808022261968	-7950.814032186467	2.064503119907851	7.0	0.35511841017554724	0.8850107483603862	-0.43195291866304647	0.4070608027542734	-0.2520646545069225	-0.0	-0.4247452011415605	0.11735565426553381	0.0	-7950.814032186467
19300000	-8767.234062598203	-845.7693147830418	-7921.464747815162	2.1330946078233493	6.0	0.5519941426880294	1.009640651287865	-0.5396453062093626	-0.0	-0.22558608522147267	-0.0	-0.28911249581152254	0.11346378824832959	0.0	-7921.464747815162
19400000	-8815.458092581679	-835.5241057247462	-7979.933986856932	2.0595220457539125	7.0	0.4932679235522735	0.9775254243143684	-0.4639184378169945	0.2334471874915734	-0.270949095150194	-0.0	-0.3592413905464391	0.15449872467494363	0.0	-7979.933986856932
19500000	-8707.433977811233	-833.4924558652343	-7873.941521945999	2.025513010518517	6.0	0.6109518052343718	1.0378963874630711	-0.509183644640799	0.0	-0.15729158447312	0.0	-0.2402224410854281	0.11414881294015586	0.0	-7873.941521945999
19600000	-8726.56130783658	-860.7317146279042	-7865.829593208676	2.101838178910176	7.0	0.357703571181205	0.8676683576730106	-0.4120085221429783	0.44068711147617345	-0.2365948652591514	0.0	-0.35054597122042586	0.1961016798731352	0.0	-7865.829593208676
19700000	-8826.787111618201	-872.5839874595407	-7954.20312415866	2.1541275698863873	6.0	0.6291320664866361	1.0257749999002834	-0.5142549261591132	-0.0	-0.2071417569277902	0.0	-0.2912222693417431	0.14817372217325434	0.0	-7954.20312415866
19800000	-8742.620402586681	-835.3478895614929	-7907.272513025188	2.045020843752971	6.0	0.5333538549378082	1.0665599896440845	-0.5419813781643268	-0.0	-0.2322412420233373	-0.0	-0.3387957815207884	0.1259355566279504	0.0	-7907.272513025188
19900000	-8766.702346101072	-867.2821634362067	-7899.420182664865	2.141775755908337	6.0	0.5719409913217907	1.0504968874600338	-0.5527623072880927	-0.0	-0.260026943280626	-0.0	-0.31062373551837236	0.1696135390212865	0.0	-7899.420182664865
20000000	-8729.71410200246	-842.583961930991	-7887.130140071467	2.1287332766765967	6.0	0.5883594348527864	1.088322365818719	-0.557473936862858	0.0	-0.2161195857847461	-0.0	-0.2547398719217106	0.12639665729174282	0.0	-7887.130140071467
20100000	-8796.004084379341	-826.1355647785307	-7969.868519600811	2.0129631207133776	6.0	0.5444903270069547	1.003662383280539	-0.5512686751185352	0.0	-0.14627182313838671	0.0	-0.34713340698775336	0.11618136219166394	0.0	-7969.868519600811
20200000	-8708.173644638598	-791.7973766994818	-7916.376267939117	2.005979975833262	7.0	0.4871968691411657	0.8933281832234684	-0.4112987519684133	0.3375165219368155	-0.31077579921285486	-0.0	-0.29354057050373894	0.12424144351108767	0.0	-7916.376267939117
20300000	-8749.597174121418	-887.1393194407606	-7862.457854680658	2.1939728238013845	5.0	0.5314557688830565	1.0628914931207658	-0.5030636058030005	0.0	-0.23385795511464136	0.0	-0.25265546064799377	-0.0	0.0	-7862.457854680658
20400000	-8778.188748409319	-871.523595102216	-7906.665153307103	2.0406058331362367	6.0	0.5555403761328781	0.9657922972161065	-0.5139405852551102	-0.0	-0.1412488719729334	0.0	-0.2843994357998753	0.061096266520167766	0.0	-7906.665153307103
20500000	-8796.909926421835	-831.4631603455601	-7965.446766076274	1.8902774477344146	6.0	0.5594689239039478	0.9682273206002121	-0.4895774498009418	-0.0	-0.225898944665043	-0.0	-0.3101180462196398	0.09462186014530202	0.0	-7965.446766076274
20600000	-8785.707000902232	-839.1819273373239	-7946.525073564909	2.0790156967393303	7.0	0.3813629183714377	0.8319007762734693	-0.32160108598383386	0.4780077693701168	-0.22222964301038742	0.0	-0.29002777164406723	0.15352602945096694	0.0	-7946.525073564909
20700000	-8813.79808557132	-842.789345711589	-7971.008739859731	2.037658131538293	7.0	0.41081125403040303	0.8990443493716003	-0.3945392044704657	0.29407338991221194	-0.2209599788370263	0.0	-0.4323861088342293	0.19917742190401042	0.0	-7971.008739859731
20800000	-8799.659877559961	-859.9892592160292	-7939.670618343933	2.185407589794383	5.0	0.48588226345908814	0.9892494459864533	-0.4878611472344946	0.0	-0.22144887936117938	0.0	-0.4236959282432846	-0.0	0.0	-7939.670618343933
20900000	-8739.79791974244	-849.9616318572816	-7889.8362878851585	2.0282639715389594	7.0	0.38018729642448035	0.8669101564679886	-0.3486420866476308	0.43105064148192335	-0.23299045551173428	0.0	-0.3284896667677446	0.13488063904882883	0.0	-7889.8362878851585
21000000	-8825.301922430377	-867.2287441461224	-7958.073178284254	2.0832990696775604	6.0	0.5019999274794833	1.052574522502933	-0.48842079911375486	-0.0	-0.2493595927647421	0.0	-0.3278064124198502	0.09445883523848238	0.0	-7958.073178284254
21100000	-8873.428930893533	-916.0950745544112	-7957.333856339123	2.1613745745037893	6.0	0.5270898185499204	1.0533707588150423	-0.5054520654788333	0.0	-0.2146123689002	0.0	-0.312731418936515	0.13177353590788488	0.0	-7957.333856339123
21200000	-8768.388884218048	-842.9863231607625	-7925.402561057285	1.996798883638195	7.0	0.5030602174874775	0.9213404645132306	-0.40891627523116325	0.2431836933678262	-0.23455033515164952	-0.0	-0.3306350124220404	0.12916385391489102	0.0	-7925.402561057285
21300000	-8780.976804594316	-865.1757394368888	-7915.801065157429	2.1860746288122015	6.0	0.5138993847120755	1.1050954518447433	-0.4876804497919551	-0.0	-0.19598345715389984	-0.0	-0.27741737356399887	0.11258659877475308	0.0	-7915.801065157429
21400000	-8811.693353338609	-861.0572758115205	-7950.636077527088	2.12486000460319	5.0	0.5449406423571937	1.038021510518805	-0.5055548310655102	-0.0	-0.17222260365204592	0.0	-0.38630215194583883	-0.0	0.0	-7950.636077527088
21500000	-8812.05196484288	-812.5115725342679	-7999.540392308612	1.911324432978231	6.0	0.6206025581454452	1.084988725559891	-0.5698988280210785	-0.0	-0.2721039456186425	-0.0	-0.2685501251799181	0.1668176948470181	0.0	-7999.540392308612
21600000	-8765.16649683321	-813.2885413545436	-7951.877955478667	1.9767579826637758	7.0	0.5313868800910734	0.9999035100892909	-0.511368216128882	0.05771368318392455	-0.19847882772926506	-0.0	-0.21197577383905097	0.10709620512882231	0.0	-7951.877955478667
21700000	-8768.921057127096	-835.1114550924077	-7933.8096020346875	2.030383839278222	5.0	0.683446412806617	1.0219053126660986	-0.5034234249688263	0.0	-0.24274472519446694	0.0	-0.2860891452342532	0.0	0.0	-7933.8096020346875
21800000	-8778.102282613056	-837.0069140190982	-7941.095368593958	2.107225249587819	7.0	0.4261796762551532	0.9444093599643815	-0.42336655595440226	0.3035316275834812	-0.2756580400621619	0.0	-0.2973656667400004	0.13565621138896666	0.0	-7941.095368593958
21900000	-8805.412445272663	-843.9948286750306	-7961.417616597631	2.0623772884324065	6.0	0.6090889990222326	1.0306383567822186	-0.5410961525943251	-0.0	-0.21456710331047427	-0.0	-0.23301100877279216	0.12129121337543892	0.0	-7961.417616597631
22000000	-8726.830552900963	-874.4764465605695	-7852.3541063403945	2.0699072821282716	6.0	0.5091869730394366	1.0702440851238293	-0.5155711759046125	0.0	-0.1928002161526386	0.0	-0.33399684753513253	0.09430947365936046	0.0	-7852.3541063403945
22100000	-8729.138729338423	-863.6040947005583	-7865.534634637865	2.007053446324722	7.0	0.41089761895146726	0.9794164641665899	-0.4523452896592262	0.24135384256593476	-0.27727443408065866	-0.0	-0.3384393390261489	0.10754292346261879	0.0	-7865.534634637865
22200000	-8766.096404803664	-844.1650109928011	-7921.931393810863	2.0666740369879424	7.0	0.5642480627156885	0.9862183077184487	-0.47632600717006046	0.07561275787818193	-0.21348865395160302	0.0	-0.2233183036231485	0.12023821289513952	0.0	-7921.931393810863
22300000	-8833.926177907666	-887.5572023528658	-7946.368975554799	2.0747394273249133	7.0	0.43534543683000804	0.8766293012539563	-0.39339246409247075	0.34056158242535134	-0.23115221445772716	0.0	-0.4045582061434896	0.14432160001813288	0.0	-7946.368975554799
22400000	-8831.878834338602	-820.8111267754116	-8011.06770756319	1.9770793995621032	7.0	0.43296241075023334	0.8291088892545394	-0.35656382509806916	0.3825377094646248	-0.2339847394472879	0.0	-0.31507243014491887	0.10769607510175683	0.0	-8011.06770756319
22500000	-8825.640104539623	-870.0776040162073	-7955.562500523416	2.0068942981587545	7.0	0.5525914493489744	1.0360129737499928	-0.519103846596321	0.09191562503757333	-0.1957271249242124	-0.0	-0.3371622136254708	0.12253948513749958	0.0	-7955.562500523416
22600000	-8726.932235526236	-837.1328472932146	-7889.799388233021	2.152259185617086	7.0	0.4663360001177917	0.9738953443593397	-0.4106493843306666	0.25830105968422157	-0.19566574465721662	0.0	-0.31666018613186786	0.12280167579427294	0.0	-7889.799388233021
22700000	-8793.270542436769	-833.2453291769349	-7960.025213259834	1.9664343098641293	7.0	0.44751060557397593	0.8595513050221516	-0.36872065305414137	0.4673751408036819	-0.2210761097664235	0.0	-0.3031722029931481	0.17686161752259003	0.0	-7960.025213259834
22800000	-8831.084660591594	-855.9756360999381	-7975.109024491655	2.1250082981585643	7.0	0.4428829312424069	0.9871200716379349	-0.43153062671740666	0.2856781748971914	-0.26329240963338135	-0.0	-0.29677639908869724	0.15757183647284329	0.0	-7975.109024491655
22900000	-8780.545939709025	-845.5449448882401	-7935.000994820784	2.1324876995046544	6.0	0.5771306181596425	1.0833816210997673	-0.5137199360777313	-0.0	-0.21483681231486232	-0.0	-0.2720241751796218	0.16513847099621232	0.0	-7935.000994820784
23000000	-8801.918678684931	-813.7718908458498	-7988.146787839081	2.0502256031130797	7.0	0.5185760365498329	0.934621930193917	-0.49048929950145775	0.16613791160202787	-0.28987098427365	-0.0	-0.3417946404887975	0.1727432170404118	0.0	-7988.146787839081
23100000	-8754.343047911425	-849.0089655797268	-7905.334082331698	1.90284680475928	6.0	0.5318162039567137	1.100176354048061	-0.5763203575106396	0.0	-0.275043990747394	-0.0	-0.39449183482635625	0.1474669407337171	0.0	-7905.334082331698
23200000	-8763.311214995496	-865.802766720678	-7897.508448274817	2.1048032894239697	7.0	0.35564218292562116	0.8791279951271427	-0.38626472692048425	0.30569435702855385	-0.26137489600573366	0.0	-0.27825826105239787	0.160873507132243	0.0	-7897.508448274817
23300000	-8774.498776159255	-915.4950169814537	-7859.003759177802	2.2367301079435458	7.0	0.39576037465449215	0.9283884047510643	-0.42017611195880494	0.29566873020490303	-0.20910350351475984	-0.0	-0.324659994120738	0.15696184967170623	0.0	-7859.003759177802
23400000	-8848.491474748113	-868.2070204621448	-7980.2844542859675	2.04313652475002	7.0	0.40900590836979506	0.8711928646496347	-0.3986330906778342	0.3338599215733386	-0.20655636939883562	0.0	-0.30245156222173164	0.17185910711655583	0.0	-7980.2844542859675
23500000	-8801.283127221566	-865.6601807956072	-7935.6229464259595	2.1939374084663332	7.0	0.47139634927535407	1.0832232965901678	-0.5594450284686195	0.05741477651174513	-0.24941749882719744	0.0	-0.3382002321127834	0.16663090799990782	0.0	-7935.6229464259595
23600000	-8781.777721132165	-905.3980981440131	-7876.379622988152	2.2198263524907555	6.0	0.5510500884785701	1.0464922785383834	-0.5434074714948077	-0.0	-0.1657792672336945	-0.0	-0.22257425841308662	0.13369430412443334	0.0	-7876.379622988152
23700000	-8754.630232978127	-810.5390371784546	-7944.091195799671	1.9176971821524023	5.0	0.5442291120681876	1.0014806859175844	-0.4525713409270395	0.0	-0.23402419371788302	-0.0	-0.2862496750281877	0.0	0.0	-7944.091195799671
23800000	-8737.461313285992	-890.2993175020122	-7847.161995783979	2.2296346103401903	6.0	0.5133992112423795	1.0150058816042375	-0.5325644255057921	0.0	-0.15296265959325878	-0.0	-0.3495187575187084	0.0438772231425799	0.0	-7847.161995783979
23900000	-8766.893119928509	-860.4353821427571	-7906.457737785751	2.073881511559835	5.0	0.5583547310381795	0.9890391588072829	-0.4989021086939925	0.0	-0.1661057803167844	0.0	-0.3392656875182314	-0.0	0.0	-7906.457737785751
24000000	-8795.186986810619	-863.6079308706308	-7931.5790559399875	2.1721283545901313	6.0	0.5479037764103845	1.0944703988232019	-0.5174072001372575	-0.0	-0.15397896942433537	-0.0	-0.35739119629191723	0.11574439491042986	0.0	-7931.5790559399875
24100000	-8775.428045327564	-857.1089024687103	-7918.319142858854	2.1330819473333342	6.0	0.5976075711982296	1.0403099992903588	-0.5507054356385163	-0.0	-0.17894322731190002	0.0	-0.31363812025772686	0.10688359170465415	0.0	-7918.319142858854
24200000	-8766.620586663996	-873.7472274602742	-7892.8733592037215	2.1884954502933285	8.0	0.33626299615058297	0.8448931273877679	-0.3404143238789276	0.4982365732280011	-0.262025609446298	0.010853209655566475	-0.43321494640543623	0.17727318253071317	0.0	-7892.8733592037215
24300000	-8812.980050275663	-860.059315719416	-7952.920734556247	2.0524100671062895	5.0	0.5525430669117384	1.0188998086416883	-0.46059407846501693	-0.0	-0.22631615660332635	0.0	-0.32935519212569375	-0.0	0.0	-7952.920734556247
24400000	-8712.157274659816	-829.4671203906931	-7882.690154269122	2.0607617573091987	6.0	0.513929912403378	1.0469122701650486	-0.5366074294388796	0.0	-0.2505949446710037	-0.0	-0.28094836630081926	0.14603308425386688	0.0	-7882.690154269122
24500000	-8806.800273435978	-829.0697945641069	-7977.73047887187	2.0389122635522368	6.0	0.5388224592074142	1.0782606862748894	-0.5338569945913165	-0.0	-0.20146297439469854	0.0	-0.30046321461092407	0.13528684399313307	0.0	-7977.73047887187
24600000	-8745.583183029197	-895.8744327617128	-7849.708750267485	2.251838570423837	7.0	0.26506364538351884	0.8325514632477511	-0.3230426797769036	0.5517102751512465	-0.348491750182826	-0.0	-0.28622878553352127	0.12557573037019498	0.0	-7849.708750267485
24700000	-8841.046269947477	-857.1508043397953	-7983.895465607682	2.0178264521689786	6.0	0.5831079896725281	1.051275753508906	-0.5181310274984794	0.0	-0.15223958926832676	0.0	-0.36134325585596067	0.10180683015627723	0.0	-7983.895465607682
24800000	-8790.59332303478	-826.9335233265067	-7963.659799708273	1.9840138507136154	6.0	0.5703395378706075	1.0261144392345878	-0.555230629031351	0.0	-0.2213231949675722	-0.0	-0.28025418313912687	0.1137430327951519	0.0	-7963.659799708273
24900000	-8805.056000889352	-847.152630288911	-7957.90337060044	2.117166000833833	6.0	0.6064934811347639	1.095813363914915	-0.5322438173659969	-0.0	-0.251025197401674	0.0	-0.30586328566696575	0.10912197250422087	0.0	-7957.90337060044
25000000	-8760.20485496369	-861.0658124884999	-7899.13904247519	2.0313854208852478	7.0	0.4401219105693625	0.9277321424872852	-0.4437818675878705	0.2693534482650375	-0.22061498911424873	-0.0	-0.2403245401502435	0.10628804626680846	0.0	-7899.13904247519
25100000	-8716.12407224536	-861.6378555146346	-7854.4862167307265	2.1753517199751844	7.0	0.47623859738098834	0.9542430890757642	-0.4178538401701982	0.23989843143688674	-0.24155667812527742	-0.0	-0.33592615432868134	0.13365160135179105	0.0	-7854.4862167307265
25200000	-8813.971549913025	-864.5831669859203	-7949.388382927105	2.0929447751939483	5.0	0.5821562798857588	1.045590407014565	-0.5030806318739096	0.0	-0.125140634642317	-0.0	-0.30879559614733915	-0.0	0.0	-7949.388382927105
25300000	-8753.326544954007	-842.8606938782235	-7910.465851075783	2.149313063671701	7.0	0.504749139536105	0.9265966070676234	-0.4712879433590839	0.268549718146207	-0.1731343556296156	0.0	-0.26449588724739187	0.1731962374452482	0.0	-7910.465851075783
25400000	-8748.628528955494	-837.3165550205856	-7911.311973934909	2.046344172462284	6.0	0.6125970549691606	0.9595087655628585	-0.5000280323443831	-0.0	-0.16836599842713554	-0.0	-0.3192832978477107	0.03964169881693869	0.0	-7911.311973934909
25500000	-8739.666310526667	-855.5891818970658	-7884.077128629602	2.091443159635708	7.0	0.4615836171754792	0.9434046795716826	-0.4480984676671344	0.2558282257381185	-0.26337605302213635	0.0	-0.3006172975453276	0.09535606313595779	0.0	-7884.077128629602
25600000	-8726.887218399297	-881.3201987766024	-7845.567019622696	2.1492201246657836	7.0	0.39094725385844303	0.9132642461667282	-0.3669328952838781	0.3961357689227865	-0.28776958221215143	-0.0	-0.18410732385989306	0.16673672554465108	0.0	-7845.567019622696
25700000	-8852.847444092487	-790.8423742104004	-8062.005069882087	1.965515346032696	5.0	0.603723600109572	0.9911217383597398	-0.5157578235873126	-0.0	-0.26175604335281205	-0.0	-0.3311410901212089	0.0	0.0	-8062.005069882087
25800000	-8785.330276448305	-830.680606418647	-7954.6496700296575	2.1128455605293883	6.0	0.5704674281208247	1.0557391961054692	-0.5116525223239012	-0.0	-0.27655139375101834	-0.0	-0.3088928772339159	0.15056682393682	0.0	-7954.6496700296575
25900000	-8797.13627481011	-874.2750049574062	-7922.861269852703	2.1256077587081426	5.0	0.6010530503151045	1.0168078172966857	-0.5458792716107165	0.0	-0.20450140128837696	0.0	-0.2783854278074398	-0.0	0.0	-7922.861269852703
26000000	-8800.027995231447	-837.1829535232739	-7962.845041708172	1.9559131154045908	6.0	0.5740698473259844	1.0410237794993646	-0.5176969805979237	0.0	-0.2627079691054484	-0.0	-0.29323247893010507	0.11949603416255525	0.0	-7962.845041708172
26100000	-8715.84668581781	-823.0270157845434	-7892.819670033266	1.992757565550438	6.0	0.5973326470338353	1.0337355607000132	-0.5307770250563361	0.0	-0.29063055568913143	0.0	-0.250942728530173	0.061660938221327476	0.0	-7892.819670033266
26200000	-8835.177309585219	-862.9273594160622	-7972.249950169157	2.165554811822085	7.0	0.4869431236192076	1.0127701131890292	-0.4923649239540966	0.07054246230028927	-0.27406779296558526	0.0	-0.3687788035378772	0.12774825536090353	0.0	-7972.249950169157
26300000	-8764.709984423695	-824.4429697488142	-7940.26701467488	2.0211686274269063	7.0	0.3783680659388747	0.8267416816284945	-0.33589106100971594	0.4589773761211552	-0.25865015018797083	0.0	-0.3371417114536327	0.15230350355785383	0.0	-7940.26701467488
26400000	-8762.403642875415	-874.3301575026973	-7888.073485372717	2.1612268529455343	7.0	0.47147117739043126	0.9658252618469544	-0.41409317250712013	0.22339084516819618	-0.24994378167240403	-0.0	-0.3623158066090206	0.1437819570615713	0.0	-7888.073485372717
26500000	-8780.911650319249	-876.8025290972417	-7904.109121222008	2.1864392055062267	6.0	0.5971306806721441	1.0332061034612998	-0.5230716433468975	0.0	-0.26055111153532057	-0.0	-0.25282908422421607	0.06052989559049218	0.0	-7904.109121222008
26600000	-8843.82678250578	-811.0040025385982	-8032.82277996718	1.9941130980974244	5.0	0.6085960302006168	0.9657450713690836	-0.4991960769212094	0.0	-0.2216891301128997	-0.0	-0.2528957244727312	0.0	0.0	-8032.82277996718
26700000	-8736.52838095973	-847.9626337812718	-7888.565747178458	2.1109205212882287	8.0	0.397938352591758	0.852523203224766	-0.39456412545853664	0.38914790400506144	-0.33340397320107906	-0.08097505663496772	-0.3057597430118304	0.13042325028167637	0.0	-7888.565747178458
26800000	-8745.674829539672	-844.3368253069001	-7901.338004232772	2.0596047944070173	6.0	0.525972420896176	1.0599578223501223	-0.5103269424752664	-0.0	-0.24634012221503288	0.0	-0.34614585018261573	0.0823462724613922	0.0	-7901.338004232772
26900000	-8773.700442603189	-826.9121736061585	-7946.788268997031	2.068325248193149	7.0	0.3690361715894065	0.8925744928909877	-0.3129467981273133	0.40997755423792137	-0.37335392757446323	-0.0	-0.359377460274406	0.13009000522092895	0.0	-7946.788268997031
27000000	-8770.952479531421	-863.78352973391	-7907.16894979751	2.1452072072650514	5.0	0.5753984747133464	1.0142040400858259	-0.5319815222631953	0.0	-0.20963301035152648	0.0	-0.3458451479077194	-0.0	0.0	-7907.16894979751
27100000	-8794.400359107363	-818.7386336747377	-7975.661725432626	2.121631593390353	5.0	0.6376279007234915	0.9643970928261921	-0.5060155635391651	0.0	-0.2589317416841298	-0.0	-0.35293713462317583	0.0	0.0	-7975.661725432626
27200000	-8780.628223118621	-856.7137982456086	-7923.914424873013	2.0194638556486573	7.0	0.44828355787731755	0.8806322034185463	-0.47479309351014903	0.28528802132058434	-0.23658654021958012	-0.0	-0.35049502280007516	0.16890122942272537	0.0	-7923.914424873013
27300000	-8769.816957678951	-861.6794541126146	-7908.137503566338	2.1335628005689062	7.0	0.45078004635630553	0.9693635447204564	-0.4441338786863314	0.24917907495701336	-0.20395823083027972	0.0	-0.340815884062776	0.1809033659425242	0.0	-7908.137503566338
27400000	-8762.000673441302	-795.9937612685486	-7966.006912172754	1.9285848866973399	6.0	0.5927809444618797	1.023371083993842	-0.5123909499560312	0.0	-0.23406999434370185	0.0	-0.30222096563579176	0.1320362150533331	0.0	-7966.006912172754
27500000	-8793.547626234398	-797.730604752137	-7995.81702148226	2.093662397432042	6.0	0.5914379734736218	1.0929258896834357	-0.5111756891497855	0.0	-0.23432550521747367	0.0	-0.31934565345474514	0.11920670894858233	0.0	-7995.81702148226
27600000	-8824.29368139229	-866.0144039498892	-7958.2792774424	2.1620134518254934	7.0	0.5241495118516097	0.9932767130933637	-0.46008218947731827	0.12579941048891072	-0.17980479066961286	-0.0	-0.2775970824808942	0.12320715383869528	0.0	-7958.2792774424
27700000	-8734.868488071479	-867.5716661463175	-7867.2968219251625	2.0447804000758283	7.0	0.3983009112311825	0.8371662334266281	-0.37543229124238525	0.36777907713556335	-0.2895585570623109	-0.0	-0.4175963209112985	0.15372501772695382	0.0	-7867.2968219251625
27800000	-8825.408254463775	-891.5245744307397	-7933.8836800330355	2.2392679003258436	6.0	0.5255265959025858	1.1275864691125705	-0.5346046678445642	0.0	-0.2354601142949287	0.0	-0.23843292743150743	0.17508430712911846	0.0	-7933.8836800330355
27900000	-8829.508621753785	-870.4324992217759	-7959.076122532008	2.0768175228872496	7.0	0.41426666456713246	0.8985622656306667	-0.42313527972184006	0.30493300889935887	-0.21735167806026714	0.0	-0.26161535322871926	0.1446653937395102	0.0	-7959.076122532008
28000000	-8786.091855166218	-857.8300381032044	-7928.261817063013	2.0507498912475994	5.0	0.5606228630415202	1.0062097898839213	-0.4824834845777918	0.0	-0.20574299221442	-0.0	-0.3003679967609336	-0.0	0.0	-7928.261817063013
28100000	-8793.993075151411	-874.1356505555998	-7919.857424595811	2.184403187621045	7.0	0.3786580026713129	0.8586575652870424	-0.3512348091338393	0.4949789127954177	-0.25223248831631845	0.0	-0.23617425927525373	0.13047951977370392	0.0	-7919.857424595811
28200000	-8816.296876319911	-842.7458126982035	-7973.551063621709	2.091068007016669	7.0	0.3400998279250648	0.833063647586296	-0.33683115877837355	0.4302683634849531	-0.23364685194304802	-0.0	-0.2815693308120114	0.10760326520620343	0.0	-7973.551063621709
28300000	-8789.84919093368	-866.8679802570286	-7922.981210676651	2.1249864795396176	6.0	0.5404711074143072	1.0143450661999724	-0.525418926907861	-0.0	-0.20107021252558896	0.0	-0.2571914946774627	0.08266644400485942	0.0	-7922.981210676651
28400000	-8768.841667321034	-830.8104831982064	-7938.031184122829	2.0706524745346178	6.0	0.5913239913751387	1.0594347441351037	-0.49201989032229626	0.0	-0.2450218928328011	-0.0	-0.3645249634893262	0.08190636125054118	0.0	-7938.031184122829
28500000	-8668.732443442972	-845.2205871735174	-7823.511856269454	2.1612121321320577	7.0	0.4038701875544076	0.8803569839031476	-0.384258674457808	0.3773090517921756	-0.23513084797052924	-0.0	-0.2847007123524016	0.1262414090524017	0.0	-7823.511856269454
28600000	-8791.358187285632	-853.1989658013437	-7938.1592214842885	2.0690664505854253	7.0	0.36980324860794517	0.8330938709744771	-0.3347111390742633	0.4707419140087153	-0.3015350061234709	-0.0	-0.32923946084289735	0.1700605052614743	0.0	-7938.1592214842885
28700000	-8740.227402905432	-801.8413590635206	-7938.3860438419115	2.0113796579181744	6.0	0.6191770442961485	1.1001140803338167	-0.5180189289972541	-0.0	-0.1510431549871086	0.0	-0.3333268846879848	0.10018973972974059	0.0	-7938.3860438419115
28800000	-8784.855276651659	-866.6429538896339	-7918.212322762024	2.147894933228795	7.0	0.41778471747501744	0.9665090121661282	-0.48821716530628473	0.2490077357901635	-0.23596844446660398	0.0	-0.23635710896894327	0.215484778079689	0.0	-7918.212322762024
28900000	-8806.150619163986	-909.5897381527266	-7896.56088101126	2.164660735469333	6.0	0.5502505655679683	1.0354633620433429	-0.5179071273031973	0.0	-0.22651978844392567	0.0	-0.2677896509019459	0.1503111729981645	0.0	-7896.56088101126
29000000	-8788.321589687495	-865.3286136362548	-7922.992976051241	2.129840701368044	7.0	0.36468244019631607	0.9110411329018779	-0.3116063365094773	0.4203650100167428	-0.23375034303900824	-0.0	-0.29446532735452147	0.12634799217908751	0.0	-7922.992976051241
29100000	-8810.655383858235	-873.790518755725	-7936.8648651025105	2.1471737680682423	6.0	0.5609873319719971	1.054720847271611	-0.49491547678708875	-0.0	-0.17939152770690117	-0.0	-0.3189490907976905	0.062330040296190055	0.0	-7936.8648651025105
29200000	-8763.189991521218	-907.2762658625346	-7855.913725658683	2.2150195165173847	7.0	0.32208798414676937	0.8277870568893708	-0.4394686606295151	0.41873451132361805	-0.2723160683775018	-0.0	-0.4123598199602488	0.14723038556959162	0.0	-7855.913725658683
29300000	-8789.08153357579	-838.8804076807959	-7950.201125894995	2.029577985514281	6.0	0.5290267725763905	1.0900268760895657	-0.5733141886422145	0.0	-0.2541190067262664	-0.0	-0.3299839711774774	0.14380611592928275	0.0	-7950.201125894995
29400000	-8759.452780037605	-888.0697821536747	-7871.382997883931	2.1358094793295477	7.0	0.5016198468202575	0.9149049579372563	-0.4648089890194197	0.20426242434864036	-0.1657044093617285	-0.0	-0.34263599076600565	0.12416125597188347	0.0	-7871.382997883931
29500000	-8774.069147260196	-933.3478274837952	-7840.721319776401	2.2073741925197683	7.0	0.3260655820980297	0.9104927640451487	-0.32770739345902267	0.3359863453718646	-0.2694476720723668	-0.0	-0.36109416753223406	0.1215153364056208	0.0	-7840.721319776401
29600000	-8796.37513923914	-878.4722324544779	-7917.902906784662	2.0728594435592114	7.0	0.3323418040417693	0.8127905929799114	-0.3585840494504883	0.5314228841655425	-0.2429355093703449	0.0	-0.1436372542939778	0.16625369585185149	0.0	-7917.902906784662
29700000	-8693.980813213895	-865.2292616126493	-7828.751551601245	2.083329257130944	7.0	0.29185054124647913	0.8278863805559759	-0.26996643968166784	0.5465589265703753	-0.24079727649026422	-0.0	-0.3046714406154329	0.12367369111507553	0.0	-7828.751551601245
29800000	-8824.974425445538	-845.2372155943355	-7979.737209851203	2.0362765086036885	6.0	0.5905319442971553	1.011388331187239	-0.49498082756026496	0.0	-0.17949729283666768	-0.0	-0.3535753451976016	0.1145871792249532	0.0	-7979.737209851203
29900000	-8723.206375689846	-877.0800852907822	-7846.126290399065	2.0476592595589667	6.0	0.5411957317169184	1.0414951654664004	-0.5044366850211743	0.0	-0.20750677609939258	0.0	-0.2735371298372433	0.16675348310562055	0.0	-7846.126290399065
30000000	-8758.258891916419	-829.771930156505	-7928.486961759914	2.0465324462228813	6.0	0.577308328625269	1.1069962290033146	-0.5386891513698843	-0.0	-0.2197139853873889	0.0	-0.24633040084417665	0.13459429608373033	0.0	-7928.486961759914
30100000	-8777.71011034304	-786.2195569529288	-7991.490553390111	1.9940206746650158	6.0	0.6240004024153104	1.1067719170276986	-0.5131497216793705	-0.0	-0.2260395541579556	-0.0	-0.2783368611375065	0.13549374932451214	0.0	-7991.490553390111
30200000	-8748.970806023448	-883.648831151665	-7865.321974871784	2.2423365707548983	5.0	0.5400482233511006	0.9778424296859379	-0.5526922769057936	-0.0	-0.22298305329496762	-0.0	-0.3288245194877954	-0.0	0.0	-7865.321974871784
30300000	-8792.453402849678	-854.6989953980851	-7937.754407451594	2.202662004485755	6.0	0.5375621280979305	1.0717812895152103	-0.5773218136173813	-0.0	-0.23646982404846437	-0.0	-0.35394937882473315	0.12823757908972302	0.0	-7937.754407451594
30400000	-8773.555137260893	-868.9818682638494	-7904.573268997044	2.097505455140959	7.0	0.3810152338548446	0.8821027814560087	-0.42460988432164654	0.3367424012290048	-0.2291380869191281	0.0	-0.3532529064676071	0.1299370353110131	0.0	-7904.573268997044
30500000	-8799.155059534669	-917.8522268137953	-7881.302832720873	2.228092920666809	7.0	0.3394685549808869	0.8395177084401211	-0.36556500400797587	0.4327657487256905	-0.2313965956464664	0.0	-0.2740687103789368	0.12124776320029469	0.0	-7881.302832720873
30600000	-8750.920532542345	-861.2107878174119	-7889.7097447249325	2.1202541183645924	6.0	0.5511656783344746	1.0691675568711712	-0.48752429150265825	-0.0	-0.2657960059633422	0.0	-0.26763421001297016	0.07407524992385087	0.0	-7889.7097447249325
30700000	-8760.628178916646	-827.4979294889215	-7933.130249427724	2.0984599916056563	7.0	0.3914450419261416	0.8766742811755355	-0.42012131909042444	0.29597480554164585	-0.2707000877533442	0.0	-0.2757419423201001	0.08092726207151704	0.0	-7933.130249427724
30800000	-8706.846578021376	-881.9239817291175	-7824.922596292257	2.0463943271988847	7.0	0.42916594201743136	0.9436304338856742	-0.42393560321518914	0.3181288054509223	-0.2491786744530428	0.0	-0.2942289418634108	0.1606898688643689	0.0	-7824.922596292257
30900000	-8708.10183407279	-836.1485754692778	-7871.953258603511	1.9717653446095194	7.0	0.3728240534239515	0.8845738293807233	-0.3383411219431278	0.49370741425277814	-0.2953553020645919	0.0	-0.3542561235791429	0.17777338436548512	0.0	-7871.953258603511
31000000	-8805.656529184758	-857.1926784040221	-7948.463850780737	1.9721926285169347	5.0	0.5739188902366686	1.0075596097237993	-0.48499477364846894	-0.0	-0.25376007159100145	0.0	-0.33776393621819945	-0.0	0.0	-7948.463850780737
31100000	-8802.096056104021	-834.6371613348515	-7967.45889476917	2.027101622419113	7.0	0.5010558920428206	0.9978546468455874	-0.4291331019220419	0.21706002582086323	-0.21458992868237606	-0.0	-0.30341709727421917	0.1518552424803797	0.0	-7967.45889476917
31200000	-8866.063476156016	-894.3814777915825	-7971.681998364434	2.3533960360453703	7.0	0.4086785384030275	0.945874050966097	-0.431420478468943	0.2993513270105592	-0.2735491719268405	0.0	-0.33973773741863733	0.15543559378104507	0.0	-7971.681998364434
31300000	-8772.0696845731	-837.4626729782926	-7934.607011594807	2.0242089029255146	7.0	0.38025389830506506	0.8919561051119677	-0.39792806568877137	0.34260865806305363	-0.25789159017088303	0.0	-0.28142068109868784	0.15603337876239678	0.0	-7934.607011594807
31400000	-8749.5754265581	-890.9405961379915	-7858.634830420108	2.1168037348138276	7.0	0.27748142809872706	0.8484556826194812	-0.3886375618114252	0.4681016306738884	-0.25645242652537714	0.0	-0.3045750727615459	0.16747744997454814	0.0	-7858.634830420108
31500000	-8782.798896873011	-855.9219247805144	-7926.876972092497	2.200322702663447	7.0	0.3840113400377043	0.8940888724157232	-0.33474390968966033	0.4515637755193046	-0.2735441834325754	0.0	-0.3046217786098035	0.15524884516433266	0.0	-7926.876972092497
31600000	-8795.391442719496	-923.47039188189	-7871.921050837605	2.186266564694668	7.0	0.3001785827704247	0.884904899130038	-0.4122714469468372	0.3518007614103648	-0.1843763477713471	0.0	-0.3425154455489464	0.1454995127389336	0.0	-7871.921050837605
31700000	-8784.002652558871	-837.0828214695315	-7946.919831089339	2.077100265413629	6.0	0.6073086773179652	1.0643337708705645	-0.494943371472181	0.0	-0.21622577610703425	0.0	-0.2580587291365495	0.12507902412361044	0.0	-7946.919831089339
31800000	-8732.022933555056	-835.5619512591721	-7896.460982295884	2.00313641104339	6.0	0.5309820526716392	1.0842669142904382	-0.5167384372807122	0.0	-0.23167466715706364	-0.0	-0.31383869505594875	0.13663011052145405	0.0	-7896.460982295884
31900000	-8728.533878916116	-795.471433172938	-7933.062445743178	1.8681960871343335	6.0	0.5563499734423818	1.0363423210905314	-0.5623090843725	-0.0	-0.25959952526401414	0.0	-0.32043364396321516	0.16449970365643066	0.0	-7933.062445743178
32000000	-8757.906435855464	-832.3641191030132	-7925.5423167524505	2.04574026144909	5.0	0.6061950388016516	1.0237338549676505	-0.5016611474126459	0.0	-0.202597721694548	0.0	-0.2810987053008522	0.0	0.0	-7925.5423167524505
32100000	-8823.004410380305	-874.6613319552375	-7948.343078425067	2.10053548920037	5.0	0.540846936255842	0.974471671431191	-0.5089979088991707	0.0	-0.19943858090974392	-0.0	-0.3857476378794098	-0.0	0.0	-7948.343078425067
32200000	-8697.732184323382	-829.0942128545714	-7868.63797146881	1.9684738440362215	5.0	0.5595373862886188	1.000698159393991	-0.48698937306862833	0.0	-0.20763490294562353	0.0	-0.329784126334965	0.0	0.0	-7868.63797146881
32300000	-8717.222490432814	-864.8220603734744	-7852.40043005934	2.1294705517854555	7.0	0.42970103972742857	0.904513952111535	-0.4019120055762091	0.3804379425117659	-0.25653020115465724	-0.0	-0.3202051893851497	0.1733100146338172	0.0	-7852.40043005934
32400000	-8746.512708711425	-876.4724163520461	-7870.040292359378	2.208392283589333	7.0	0.3550249937337148	0.9170762286932669	-0.43373305692262043	0.2798950755152857	-0.2493679980061761	0.0	-0.347949231032841	0.15962678492818777	0.0	-7870.040292359378
32500000	-8760.028193054079	-836.4891703585513	-7923.539022695528	2.0305042908668836	7.0	0.4628699740373779	0.8901463813974013	-0.4140037212503734	0.3441329018029833	-0.26511695123862333	0.0	-0.3174313703541766	0.18913301917280828	0.0	-7923.539022695528
32600000	-8763.056295171198	-871.2326749335728	-7891.823620237626	2.172465535194396	7.0	0.3514287581393302	0.8946108824534995	-0.405146158139272	0.3816521729834805	-0.26802492675061157	-0.0	-0.3414100385507679	0.16484056976917544	0.0	-7891.823620237626
32700000	-8741.424975765774	-818.5734770704244	-7922.85149869535	2.105711708174216	7.0	0.33484359841768885	0.8456663200873318	-0.3563198929573788	0.4887230452403015	-0.2763586499997356	-0.0	-0.30147313147630744	0.12601450950708515	0.0	-7922.85149869535
32800000	-8746.783508576898	-827.4955280669157	-7919.287980509983	2.0311452256029314	7.0	0.42696123730093205	0.8059480356054005	-0.41297712335035547	0.45382976481461534	-0.2924240553928945	0.0	-0.25709039808212514	0.18347072895089994	0.0	-7919.287980509983
32900000	-8753.632390906154	-804.5250245799143	-7949.10736632624	2.0634580532613165	6.0	0.673622153530644	1.0208349045150402	-0.550800850802602	-0.0	-0.21840326821723877	-0.0	-0.3221744047096484	0.14231165283069694	0.0	-7949.10736632624
33000000	-8765.648110667158	-887.1079995296826	-7878.540111137476	2.114842737197107	7.0	0.4399716697372752	0.9187635009321362	-0.4266078510543635	0.2960564314652326	-0.25504524084150615	-0.0	-0.2866510907352399	0.13414268898231851	0.0	-7878.540111137476
33100000	-8789.175838804495	-864.056101964694	-7925.1197368398	2.1134578820743295	7.0	0.4980479212954014	0.9006353805391957	-0.4630697442556038	0.14817555462205048	-0.23479569619030777	0.0	-0.30354468257696243	0.11875653470285884	0.0	-7925.1197368398
33200000	-8774.005590373157	-839.3469026426079	-7934.658687730549	1.9447667882920467	5.0	0.5878476365907797	0.9877323055003147	-0.47514917059006273	0.0	-0.13615442739038036	-0.0	-0.2630591386519518	-0.0	0.0	-7934.658687730549
33300000	-8796.130989749498	-855.2652997251615	-7940.865690024337	2.0964464503444606	6.0	0.5825111936367529	1.0346906242307718	-0.5100044735952463	-0.0	-0.2540705821100114	0.0	-0.2690446985512573	0.15220520528483242	0.0	-7940.865690024337
33400000	-8821.595899079019	-867.8180891408323	-7953.777809938186	2.018528376813473	6.0	0.6038850443210617	1.0608984719411265	-0.5250039322310284	0.0	-0.20969209605782535	-0.0	-0.34532110105728075	0.03990917104732581	0.0	-7953.777809938186
33500000	-8773.251255726405	-846.42213025797	-7926.829125468435	2.0597695073106372	6.0	0.5476621086940788	1.0769009330760537	-0.5452475705900819	-0.0	-0.1928404315089388	0.0	-0.3842694951308141	0.1439466786403043	0.0	-7926.829125468435
33600000	-8877.107859244485	-872.1750695755662	-8004.932789668918	2.0960844331912583	6.0	0.5683060945617866	1.0595075834174768	-0.5390250720802103	0.0	-0.25410857940323306	0.0	-0.2634437127877302	0.11083012500893843	0.0	-8004.932789668918
33700000	-8761.439513737228	-831.8372230373798	-7929.602290699849	2.0589774276190456	7.0	0.33947421879471884	0.8423254363623115	-0.34284273277788146	0.3706420187850453	-0.23085998990631343	-0.0	-0.29395747812333584	0.13240762735688374	0.0	-7929.602290699849
33800000	-8802.284494261174	-883.249915840627	-7919.034578420547	2.13598838013481	5.0	0.5024701288143993	0.9575541045815144	-0.5018756186980069	-0.0	-0.18247590530204316	0.0	-0.2639261018247842	-0.0	0.0	-7919.034578420547
33900000	-8796.054813509829	-842.56589578446	-7953.488917725369	2.085340943701493	7.0	0.4097244057454946	0.9450968543223726	-0.399580466481368	0.28979196669885005	-0.23672617683568487	-0.0	-0.2611465812255991	0.1630923126857965	0.0	-7953.488917725369
34000000	-8808.321668685498	-853.2338083075581	-7955.08786037794	2.0194653187978613	7.0	0.41970773807921746	0.9376752667866493	-0.40475771098958224	0.37359499033477855	-0.29302291582905454	-0.0	-0.3056577668525485	0.1505849631648821	0.0	-7955.08786037794
34100000	-8820.577543106694	-876.2790074388333	-7944.29853566786	2.1350482206355736	7.0	0.36103462962260674	0.8790765440153967	-0.39631538418849604	0.3473788599356999	-0.27335984680184416	-0.0	-0.28045156249565023	0.13169393833075077	0.0	-7944.29853566786
34200000	-8778.157010042283	-859.8082630871995	-7918.348746955084	2.132711402189989	6.0	0.5609739136718923	1.0656199781178815	-0.5445054863966721	-0.0	-0.14806414904795986	0.0	-0.25569702675241507	0.13927855210799056	0.0	-7918.348746955084
34300000	-8754.57567132496	-872.9307729875278	-7881.644898337432	2.245742272275998	5.0	0.5642997281166084	1.015039255590464	-0.5363347240979791	0.0	-0.19146994445606025	-0.0	-0.3160392232997106	0.0	0.0	-7881.644898337432
34400000	-8796.900655151516	-886.5945173433971	-7910.306137808118	2.2273989606652944	6.0	0.5712610192660527	1.0628634719231866	-0.524881626457156	0.0	-0.23889262504279288	-0.0	-0.31456197204279196	0.11385119513541722	0.0	-7910.306137808118
34500000	-8762.117767747512	-832.0177799946796	-7930.099987752832	2.031152610568964	7.0	0.4670763794565608	0.9384786854747998	-0.43086808217917816	0.25640033978003207	-0.23728137776569372	0.0	-0.2853012454037349	0.12841451502133375	0.0	-7930.099987752832
34600000	-8787.748112871916	-834.6546926873762	-7953.09342018454	2.065552309646716	6.0	0.6123490520275491	1.0619770458608242	-0.506553869178384	0.0	-0.20089916708681999	0.0	-0.21979907340362312	0.16636634551067073	0.0	-7953.09342018454
34700000	-8773.796414049499	-844.1113906743312	-7929.685023375167	2.0169599999487438	6.0	0.6059170708085624	1.0959735745156083	-0.5196060730862859	-0.0	-0.15797778238402943	-0.0	-0.2565283347193765	0.11295747959424893	0.0	-7929.685023375167
34800000	-8773.757919101185	-865.3161729596695	-7908.441746141515	2.154683708264583	8.0	0.42916186175191534	0.9037848371631372	-0.4069373307823637	0.3289501929677625	-0.24488254066366108	-0.02745763979814205	-0.3625350341696198	0.1017870961505749	0.0	-7908.441746141515
34900000	-8793.641532624964	-810.0825601406306	-7983.558972484334	2.0643573320925706	7.0	0.525374200168411	0.9263361065005687	-0.4397439009120338	0.16718053276694683	-0.26000517282831587	-0.0	-0.4053658735212819	0.13604345126303075	0.0	-7983.558972484334
35000000	-8765.284941687758	-832.9061411444079	-7932.37880054335	2.143232470172061	6.0	0.5889207624263273	1.019100883942051	-0.5063418922348997	0.0	-0.20351457761741518	-0.0	-0.3016095956912082	0.12699194935970878	0.0	-7932.37880054335
35100000	-8772.302908884427	-845.4496254017708	-7926.8532834826565	2.014679986306745	6.0	0.6048568075918258	1.0627638583748482	-0.49117312645302436	-0.0	-0.27249415432184193	0.0	-0.2351206109208209	0.12220292509374651	0.0	-7926.8532834826565
35200000	-8726.779028783763	-772.7740822758105	-7954.004946507952	1.9586452640837297	7.0	0.34951433970652424	0.8145054010452691	-0.2745585861293376	0.5534188480179933	-0.2737653241535582	0.0	-0.30482219627494317	0.12679388953616086	0.0	-7954.004946507952
35300000	-8798.005232545112	-879.1669351106652	-7918.838297434447	2.2113769494750097	6.0	0.5534989164352364	1.0118852923174508	-0.5227912635444839	0.0	-0.2599386054762909	0.0	-0.26872692004660426	0.13711435591078336	0.0	-7918.838297434447
35400000	-8757.29503417407	-911.0390166367364	-7846.256017537334	2.1791289378753382	7.0	0.4260041562790655	0.9555976104676513	-0.43533157260301364	0.2411145960719596	-0.1975220556836844	0.0	-0.28503596478643406	0.13161186592077762	0.0	-7846.256017537334
35500000	-8776.199734205073	-852.1775856428234	-7924.022148562249	2.082970636944349	6.0	0.5719350416607479	1.0472986611635495	-0.48786568956379717	0.0	-0.20424786435484982	-0.0	-0.34343093844206696	0.10004298527316569	0.0	-7924.022148562249
35600000	-8798.820683974493	-882.8116626890037	-7916.009021285488	2.212764938137586	7.0	0.42188388263061194	0.8958196621015604	-0.4343752672998914	0.3047957975803832	-0.24500291833518748	-0.0	-0.2764517323936118	0.1042832772903319	0.0	-7916.009021285488
35700000	-8792.477756515844	-817.3611556322419	-7975.116600883603	1.909900479469147	6.0	0.6137270087171784	1.066332940577378	-0.49165858548028885	-0.0	-0.226157219764157	0.0	-0.35953779832334204	0.048737986257751394	0.0	-7975.116600883603
35800000	-8819.360210127415	-872.9478559136803	-7946.412354213735	2.0383225640456253	7.0	0.3324324484563355	0.8698777309343314	-0.37401326519876044	0.3464068950713647	-0.20636239107543883	0.0	-0.301935354717201	0.13619126483087943	0.0	-7946.412354213735
35900000	-8754.909958101929	-873.9244053137985	-7880.985552788131	2.14437042390576	6.0	0.538421822634911	1.0881841841130107	-0.559008180815405	0.0	-0.22174572656013278	-0.0	-0.3168133602368809	0.12356680076274718	0.0	-7880.985552788131
36000000	-8757.597875572303	-919.9824034767922	-7837.61547209551	2.148751095688041	6.0	0.4867020392277584	1.054815461260858	-0.5038161563768856	0.0	-0.23417669528411514	0.0	-0.3600836695906653	0.08730819689179971	0.0	-7837.61547209551
36100000	-8770.213828933474	-836.4204642499203	-7933.7933646835545	2.1234300149590197	6.0	0.5657630604176883	0.9599144705680845	-0.475112665057115	-0.0	-0.2577192699542426	0.0	-0.2783206941313275	0.1104567502425908	0.0	-7933.7933646835545
36200000	-8775.318344034353	-850.2141228795482	-7925.104221154804	2.0679505091121437	6.0	0.5816097981794844	1.0656566381449417	-0.5403695073330274	-0.0	-0.1949793245103187	-0.0	-0.35246926059252975	0.05876941667256649	0.0	-7925.104221154804
36300000	-8801.377588780888	-828.7670411042267	-7972.610547676662	2.012626468148156	6.0	0.6702331735026514	1.1104426262332476	-0.554538715087679	0.0	-0.21025981258094523	-0.0	-0.3099791814682504	0.1391989896540741	0.0	-7972.610547676662
36400000	-8702.958921468242	-821.4883084805077	-7881.470612987734	2.1032034668373254	7.0	0.5209875616743325	0.9257855016742245	-0.4255982927456428	0.20299553999618686	-0.25989560298653247	0.0	-0.285675110912352	0.07933242186221687	0.0	-7881.470612987734
36500000	-8783.0355287613	-860.8653724344891	-7922.170156326812	2.05918189078018	6.0	0.5919723068889482	1.0683368942061333	-0.5581780429650903	0.0	-0.2499201120885588	-0.0	-0.23617687158731063	0.1251010180511327	0.0	-7922.170156326812
36600000	-8798.24402266226	-845.5111650284414	-7952.73285763382	2.0569719937316417	7.0	0.4349079917353403	0.9200917269709018	-0.3996590541948219	0.3921470452194129	-0.23850796676034888	-0.0	-0.2829534028021728	0.12983228279398412	0.0	-7952.73285763382
36700000	-8785.108545341489	-816.4898205375051	-7968.618724803983	2.1260673830607395	6.0	0.6400174846536575	1.0050685598137006	-0.5295849717833959	0.0	-0.1907807104055585	0.0	-0.2924071740752314	0.13122894588623218	0.0	-7968.618724803983
36800000	-8847.688334480481	-876.321889732648	-7971.366444747832	2.0166820587249012	7.0	0.3622847897456872	0.7403234341080469	-0.32471079734915625	0.4664399679514925	-0.24673973630026616	-0.0	-0.2718647415378483	0.11523728134765372	0.0	-7971.366444747832
36900000	-8796.68103391661	-848.726751450121	-7947.954282466488	2.0751846906014526	7.0	0.5712902582244666	0.9886598746032964	-0.4683631279345223	0.11554079610782851	-0.19886571214743765	-0.0	-0.30171666783916856	0.14656243911125041	0.0	-7947.954282466488
37000000	-8801.997787815733	-811.0835911593997	-7990.914196656333	2.0226519802182916	6.0	0.6250069551448021	1.0347085381516639	-0.4878702233162592	0.0	-0.2312691723433468	0.0	-0.37328739199514016	0.10243563813376204	0.0	-7990.914196656333
37100000	-8750.459330636311	-835.8666033878818	-7914.59272724843	2.0497352786578618	7.0	0.46416691335912186	0.8922769483150318	-0.4014536248203904	0.3019798816942376	-0.2293144427103973	-0.0	-0.27772949295000704	0.17454729787155215	0.0	-7914.59272724843
37200000	-8703.139589167828	-822.1483440818181	-7880.99124508601	2.11190906231907	7.0	0.4068909954227584	0.8504486280109593	-0.3774289563120902	0.36482365016705764	-0.22252428053572096	0.0	-0.21395692860285773	0.11717657645379553	0.0	-7880.99124508601
37300000	-8814.821797563573	-836.0300048776425	-7978.79179268593	2.059233844100389	6.0	0.5764127982488826	1.0033894212506378	-0.5386306887414015	-0.0	-0.18418461936171443	-0.0	-0.3112287766575986	0.10264581462487418	0.0	-7978.79179268593
37400000	-8810.110325363263	-890.0885285551929	-7920.02179680807	2.0400511649650865	7.0	0.3577932447593009	0.9063772683296417	-0.4146174738476852	0.31414118462342594	-0.2206301023686651	-0.0	-0.29316258495757896	0.09848272215235182	0.0	-7920.02179680807
37500000	-8746.531796969728	-820.4606904256403	-7926.071106544087	2.0765748516021745	7.0	0.4017932323176562	0.8824622352375128	-0.3114723808312729	0.3988043496237932	-0.28945794418914605	0.0	-0.3502743228858145	0.12394198961209982	0.0	-7926.071106544087
37600000	-8756.913372012563	-840.1026873697666	-7916.810684642796	2.0181790807581987	7.0	0.43983287955125255	0.9253455375844917	-0.41514643605573137	0.27077325722800266	-0.19827087741186072	0.0	-0.27701066221523685	0.14124334400934602	0.0	-7916.810684642796
37700000	-8808.75578254342	-828.6938634160625	-7980.061919127356	2.0020231271713222	7.0	0.41704979981317586	0.8231770947920631	-0.3846961117491799	0.3128395516497459	-0.28943052422390847	-0.0	-0.33927645376213167	0.10177523599265158	0.0	-7980.061919127356
37800000	-8718.632176832463	-836.0996323452024	-7882.5325444872615	2.0526931016143366	5.0	0.46079197310018105	1.0104865395500209	-0.47652041254774996	-0.0	-0.2227640997118728	0.0	-0.35021539095656007	-0.0	0.0	-7882.5325444872615
37900000	-8758.140833030911	-855.7816304917541	-7902.359202539157	2.0295479481450043	6.0	0.5646696260989531	1.0465685273718304	-0.5277120589123537	0.0	-0.19433549099493316	0.0	-0.29888498642674416	0.17833023453652236	0.0	-7902.359202539157
38000000	-8784.751245324478	-877.287763055308	-7907.4634822691705	2.10221564315732	7.0	0.3369772985678701	0.8388470979732568	-0.41122294321542546	0.4022186950459952	-0.2391612674890104	0.0	-0.3090228384453735	0.1628923322225715	0.0	-7907.4634822691705
38100000	-8793.654609960211	-841.086984238074	-7952.567625722137	2.004365175972569	7.0	0.4565682944578674	0.9114150949209902	-0.37666836035959816	0.38050764914192947	-0.20230536617634484	-0.0	-0.33754039377573264	0.10154661704028371	0.0	-7952.567625722137
38200000	-8801.143846871031	-811.544384185902	-7989.59946268513	2.005439794959061	6.0	0.6216399878848737	1.0437608817755317	-0.5527036445031467	0.0	-0.30007966412571524	0.0	-0.22759162127454155	0.10103133935366931	0.0	-7989.59946268513
38300000	-8781.982473088827	-814.6332091872854	-7967.349263901542	1.9884140199101332	7.0	0.5180065533519079	0.9616564685423926	-0.4155774385568262	0.3454618198260751	-0.3311191331220689	-0.0	-0.35990861695948057	0.15107460016798954	0.0	-7967.349263901542
38400000	-8817.136668858597	-883.3487842390197	-7933.787884619576	2.1529934495165084	7.0	0.37157357727331525	0.9362199514785043	-0.4295548618054702	0.360961518044348	-0.23587889662181266	-0.0	-0.3178886452056371	0.12172956492509404	0.0	-7933.787884619576
38500000	-8720.302017120808	-823.1500406543726	-7897.151976466436	1.9554423560923124	6.0	0.5966395551613409	1.0521697221630426	-0.5177722499415927	0.0	-0.23035336470929021	-0.0	-0.3116226303964374	0.11824198201945556	0.0	-7897.151976466436
38600000	-8807.482941482644	-838.040298330261	-7969.4426431523825	2.0787611455093677	6.0	0.5528454035901282	0.8781700819779872	-0.4670900267205551	0.18730969441561368	-0.2835592136902963	0.0	-0.2988484929933109	-0.0	0.0	-7969.4426431523825
38700000	-8759.342686519287	-861.183744368769	-7898.158942150518	2.0117242070850403	5.0	0.5155227327080559	0.9812019991818864	-0.4660879413596598	0.0	-0.2393983129587674	0.0	-0.3027331622937689	0.0	0.0	-7898.158942150518
38800000	-8822.222288796143	-858.303960140193	-7963.918328655951	2.0442798734007503	7.0	0.3573163283197955	0.8230648330281622	-0.3435157553379705	0.4541484368750548	-0.2817265262639337	-0.0	-0.3323839737187311	0.12795035475062616	0.0	-7963.918328655951
38900000	-8768.452408286543	-814.1862882698553	-7954.266120016687	2.069896315412185	6.0	0.6824226692749151	1.0424571227092458	-0.5344550096762876	0.0	-0.15253816713562848	0.0	-0.2043128336757996	0.13079334859619288	0.0	-7954.266120016687
39000000	-8743.913599913036	-864.7750379056423	-7879.138562007393	2.0560886431248035	7.0	0.3891119371979743	0.9520977095136914	-0.43491602745932756	0.27574828849975225	-0.28814065187102067	0.0	-0.2989166623967779	0.11827709146628021	0.0	-7879.138562007393
39100000	-8783.363598714692	-836.3653967957403	-7946.998201918952	2.0901960138936757	7.0	0.47516397038245095	0.92911014547699	-0.44828111438102086	0.27271560778920234	-0.2818390763424872	-0.0	-0.30502891083740624	0.17678254734403723	0.0	-7946.998201918952
39200000	-8776.214622430332	-806.1781719800131	-7970.0364504503195	2.039954265223213	5.0	0.6144282368473607	1.0245419458841474	-0.4776484094736648	0.0	-0.2169763329928319	0.0	-0.3497410121609333	-0.0	0.0	-7970.0364504503195
39300000	-8718.3193627023	-800.1403525356352	-7918.179010166664	2.040709811703731	5.0	0.5966411873020003	1.0374332348807205	-0.49203719909194327	-0.0	-0.2475096571222747	0.0	-0.37898658809454266	0.0	0.0	-7918.179010166664
39400000	-8765.815472244209	-814.3643894761117	-7951.451082768096	2.0578338729044976	6.0	0.5569415050460312	1.0060332406667887	-0.5343299669744873	-0.0	-0.21768756515593662	-0.0	-0.2534806309659656	0.1100993028031658	0.0	-7951.451082768096
39500000	-8797.090358735111	-839.4901088189594	-7957.600249916152	1.9661412513350744	7.0	0.35591674127251943	0.7746179896363082	-0.2926096133411219	0.5966439760875971	-0.2955470658245753	-0.0	-0.33497734536840096	0.18083711402714284	0.0	-7957.600249916152
39600000	-8770.08881251642	-872.5588442545509	-7897.52996826187	2.2029793565177846	7.0	0.4719142846174942	0.9735256599889576	-0.41715587820909256	0.24948554615681226	-0.19353948587120895	-0.0	-0.30818922827982553	0.11848079710923702	0.0	-7897.52996826187
39700000	-8783.681349173712	-955.7276278854547	-7827.953721288257	2.2630601416565663	6.0	0.5216686277670297	1.0452181913557448	-0.5343533154468022	-0.0	-0.19747409071035826	0.0	-0.27561326197675706	0.10156655551280185	0.0	-7827.953721288257
39800000	-8796.153529501631	-815.0223187366123	-7981.131210765018	1.9099534688949644	7.0	0.35993279050094695	0.8357807169936275	-0.3218798614224113	0.5113498239079373	-0.31788603240731106	0.0	-0.22811772847053552	0.15258767773057053	0.0	-7981.131210765018
39900000	-8826.282797419552	-810.7219383362569	-8015.560859083294	2.0373091548134807	5.0	0.5975246062033284	0.9917122473445399	-0.5002360060829047	-0.0	-0.333823394007073	0.0	-0.2486950662864384	0.0	0.0	-8015.560859083294
40000000	-8756.708718878628	-877.1529087417512	-7879.555810136878	2.117729606085815	6.0	0.4808936522995821	1.0499914094584943	-0.5562987272562233	0.0	-0.1659390917998417	-0.0	-0.31501437742770444	0.12416945846880224	0.0	-7879.555810136878
